>Entering UPDATEALLPLUGINS.bat
--- 2019-12-03 12:26:48.44 
Checking servers... 
Checking presence of h:\DeskPack20_A1\buildnumber.txt 
Trying to re-connect... 
System error 85 has occurred.

The local device name is already in use.

Trying to re-connect again... 
H: was deleted successfully.

The command completed successfully.

--- 2019-12-03 12:26:49.80 
>Entering KILLILL.bat
Checking if Illustrator is running... 
Checking if Illustrator is running. 1... 
--- 2019-12-03 12:26:53.40 
 
Copying plugins... 
Copying from h:\DeskPack20_A1\AI\Win_AI24\Esko\Data Exchange\NDL Kernel 
to c:\Program Files\Adobe\Adobe Illustrator 2020\Plug-ins\Esko\Data Exchange\NDL Kernel 

	    New File  		  72.3 m	h:\DeskPack20_A1\AI\Win_AI24\Esko\Data Exchange\NDL Kernel\AINDLKernelPlugin_WAI24r.aip
--- Copied. 
Copying from h:\DeskPack20_A1\AI\Win_AI24\Esko\Data Exchange\Annotations 
to c:\Program Files\Adobe\Adobe Illustrator 2020\Plug-ins\Esko\Data Exchange\Annotations 

	    New File  		   4.3 m	h:\DeskPack20_A1\AI\Win_AI24\Esko\Data Exchange\Annotations\Annotations_WAI24r.aip
--- Copied. 
Copying from h:\DeskPack20_A1\AI\Win_AI24\Esko\Data Exchange\BrixKernel 
to c:\Program Files\Adobe\Adobe Illustrator 2020\Plug-ins\Esko\Data Exchange\BrixKernel 

	    New File  		  24.7 m	h:\DeskPack20_A1\AI\Win_AI24\Esko\Data Exchange\BrixKernel\brixkernel_wai24r.aip
--- Copied. 
Skipping Data Exchange\Customer Experience Program...
Copying from h:\DeskPack20_A1\AI\Win_AI24\Esko\Data Exchange\Ink Manager 
to c:\Program Files\Adobe\Adobe Illustrator 2020\Plug-ins\Esko\Data Exchange\Ink Manager 

	    New File  		  337408	h:\DeskPack20_A1\AI\Win_AI24\Esko\Data Exchange\Ink Manager\Diagnostics_WAI24r.aip
	    New File  		   1.0 m	h:\DeskPack20_A1\AI\Win_AI24\Esko\Data Exchange\Ink Manager\Inks_WAI24r.aip
	    New File  		   97792	h:\DeskPack20_A1\AI\Win_AI24\Esko\Data Exchange\Ink Manager\PDF4Illustrator_WAI24r.aip
--- Copied. 
Skipping Data Exchange\Inspection Setup...
Copying from h:\DeskPack20_A1\AI\Win_AI24\Esko\Data Exchange\MessageCenter 
to c:\Program Files\Adobe\Adobe Illustrator 2020\Plug-ins\Esko\Data Exchange\MessageCenter 

	    New File  		  424960	h:\DeskPack20_A1\AI\Win_AI24\Esko\Data Exchange\MessageCenter\MessageCenter_WAI24r.aip
--- Copied. 
Copying from h:\DeskPack20_A1\AI\Win_AI24\Esko\Data Exchange\PDF Export 
to c:\Program Files\Adobe\Adobe Illustrator 2020\Plug-ins\Esko\Data Exchange\PDF Export 

	    New File  		  857600	h:\DeskPack20_A1\AI\Win_AI24\Esko\Data Exchange\PDF Export\PDFExport_WAI24r.aip
--- Copied. 
Copying from h:\DeskPack20_A1\AI\Win_AI24\Esko\Data Exchange\Preferences 
to c:\Program Files\Adobe\Adobe Illustrator 2020\Plug-ins\Esko\Data Exchange\Preferences 

	    New File  		  211456	h:\DeskPack20_A1\AI\Win_AI24\Esko\Data Exchange\Preferences\PreferencesSuite_WAI24r.aip
--- Copied. 
Copying from h:\DeskPack20_A1\AI\Win_AI24\Esko\Data Exchange\Structural Design 
to c:\Program Files\Adobe\Adobe Illustrator 2020\Plug-ins\Esko\Data Exchange\Structural Design 

	    New File  		   6.8 m	h:\DeskPack20_A1\AI\Win_AI24\Esko\Data Exchange\Structural Design\SDExport_WAI24r.aip
	    New File  		   9.1 m	h:\DeskPack20_A1\AI\Win_AI24\Esko\Data Exchange\Structural Design\SDImport_WAI24r.aip
--- Copied. 
Copying from h:\DeskPack20_A1\AI\Win_AI24\Esko\Data Exchange\Text Support 
to c:\Program Files\Adobe\Adobe Illustrator 2020\Plug-ins\Esko\Data Exchange\Text Support 

	    New File  		   1.5 m	h:\DeskPack20_A1\AI\Win_AI24\Esko\Data Exchange\Text Support\LiveText_WAI24r.aip
--- Copied. 
Copying from h:\DeskPack20_A1\AI\Win_AI24\Esko\Data Exchange\TrimBox MediaBox 
to c:\Program Files\Adobe\Adobe Illustrator 2020\Plug-ins\Esko\Data Exchange\TrimBox MediaBox 

	    New File  		  690176	h:\DeskPack20_A1\AI\Win_AI24\Esko\Data Exchange\TrimBox MediaBox\TrimBoxMediaBox_WAI24r.aip
--- Copied. 
Copying from h:\DeskPack20_A1\AI\Win_AI24\Esko\Data Exchange\XMP Viewer 
to c:\Program Files\Adobe\Adobe Illustrator 2020\Plug-ins\Esko\Data Exchange\XMP Viewer 

	    New File  		  913408	h:\DeskPack20_A1\AI\Win_AI24\Esko\Data Exchange\XMP Viewer\XMPViewer_WAI24r.aip
--- Copied. 
Copying from h:\DeskPack20_A1\AI\Win_AI24\Esko\Data Exchange\Dynamic Marks Core 
to c:\Program Files\Adobe\Adobe Illustrator 2020\Plug-ins\Esko\Data Exchange\Dynamic Marks Core 

	    New File  		   1.0 m	h:\DeskPack20_A1\AI\Win_AI24\Esko\Data Exchange\Dynamic Marks Core\MarksCore_WAI24r.aip
--- Copied. 
Copying from h:\DeskPack20_A1\AI\Win_AI24\Esko\Automated Testers 
to c:\Program Files\Adobe\Adobe Illustrator 2020\Plug-ins\Esko\Automated Testers 

	    New File  		  318464	h:\DeskPack20_A1\AI\Win_AI24\Esko\Automated Testers\AIUnit_WAI24r.aip
	    New File  		  136704	h:\DeskPack20_A1\AI\Win_AI24\Esko\Automated Testers\DynamicBarcodesTester_WAI24r.aip
	    New File  		  176128	h:\DeskPack20_A1\AI\Win_AI24\Esko\Automated Testers\DynamicMarksTester_WAI24r.aip
	    New File  		  154624	h:\DeskPack20_A1\AI\Win_AI24\Esko\Automated Testers\DynamicTablesTester_WAI24r.aip
	    New File  		  449536	h:\DeskPack20_A1\AI\Win_AI24\Esko\Automated Testers\PDFExportTester_WAI24r.aip
	    New File  		  311808	h:\DeskPack20_A1\AI\Win_AI24\Esko\Automated Testers\PLSTester_WAI24r.aip
	    New File  		  420352	h:\DeskPack20_A1\AI\Win_AI24\Esko\Automated Testers\TIFFExportTester_WAI24r.aip
	    New File  		  170496	h:\DeskPack20_A1\AI\Win_AI24\Esko\Automated Testers\TrappingTester_WAI24r.aip
--- Copied. 
Copying from h:\DeskPack20_A1\AI\Win_AI24\Esko\Trapping 
to c:\Program Files\Adobe\Adobe Illustrator 2020\Plug-ins\Esko\Trapping 

	    New File  		  756736	h:\DeskPack20_A1\AI\Win_AI24\Esko\Trapping\Trapping_WAI24r.aip
--- Copied. 
Copying from h:\DeskPack20_A1\AI\Win_AI24\Esko\Viewer 
to c:\Program Files\Adobe\Adobe Illustrator 2020\Plug-ins\Esko\Viewer 

	    New File  		  369664	h:\DeskPack20_A1\AI\Win_AI24\Esko\Viewer\Compare_WAI24r.aip
	    New File  		  760320	h:\DeskPack20_A1\AI\Win_AI24\Esko\Viewer\Viewer_WAI24r.aip
--- Copied. 
Copying from h:\DeskPack20_A1\AI\Win_AI24\Esko\Dynamic Tables 
to c:\Program Files\Adobe\Adobe Illustrator 2020\Plug-ins\Esko\Dynamic Tables 

	    New File  		   3.2 m	h:\DeskPack20_A1\AI\Win_AI24\Esko\Dynamic Tables\DynamicTables_WAI24r.aip
--- Copied. 
Copying from h:\DeskPack20_A1\AI\Win_AI24\Esko\Dynamic Marks 
to c:\Program Files\Adobe\Adobe Illustrator 2020\Plug-ins\Esko\Dynamic Marks 

	    New File  		  29.8 m	h:\DeskPack20_A1\AI\Win_AI24\Esko\Dynamic Marks\DynamicMarks_WAI24r.aip
--- Copied. 
Copying from h:\DeskPack20_A1\AI\Win_AI24\Esko\Dynamic Content 
to c:\Program Files\Adobe\Adobe Illustrator 2020\Plug-ins\Esko\Dynamic Content 

	    New File  		   4.2 m	h:\DeskPack20_A1\AI\Win_AI24\Esko\Dynamic Content\DynamicContent_WAI24r.aip
--- Copied. 
Copying from h:\DeskPack20_A1\AI\Win_AI24\Esko\Dynamic Barcodes 
to c:\Program Files\Adobe\Adobe Illustrator 2020\Plug-ins\Esko\Dynamic Barcodes 

	    New File  		   3.4 m	h:\DeskPack20_A1\AI\Win_AI24\Esko\Dynamic Barcodes\DynamicBarcodes_WAI24r.aip
--- Copied. 
Skipping ai-cut...
Copying from h:\DeskPack20_A1\AI\Win_AI24\Esko\ArtBrowser 
to c:\Program Files\Adobe\Adobe Illustrator 2020\Plug-ins\Esko\ArtBrowser 

	    New File  		  536064	h:\DeskPack20_A1\AI\Win_AI24\Esko\ArtBrowser\ArtBrowser_WAI24r.aip
--- Copied. 
Skipping boostX...
Copying from h:\DeskPack20_A1\AI\Win_AI24\Esko\Channel Mapping 
to c:\Program Files\Adobe\Adobe Illustrator 2020\Plug-ins\Esko\Channel Mapping 

	    New File  		  487424	h:\DeskPack20_A1\AI\Win_AI24\Esko\Channel Mapping\ChannelMapping_WAI24r.aip
--- Copied. 
Copying from h:\DeskPack20_A1\AI\Win_AI24\Esko\CHILI 
to c:\Program Files\Adobe\Adobe Illustrator 2020\Plug-ins\Esko\CHILI 

	    New File  		   4.8 m	h:\DeskPack20_A1\AI\Win_AI24\Esko\CHILI\CHILIPlugin_WAI24r.aip
--- Copied. 
Skipping Cloud Connector...
Skipping Collection...
Copying from h:\DeskPack20_A1\AI\Win_AI24\Esko\Color Engine 
to c:\Program Files\Adobe\Adobe Illustrator 2020\Plug-ins\Esko\Color Engine 

	    New File  		  797696	h:\DeskPack20_A1\AI\Win_AI24\Esko\Color Engine\ColorEnginePlugin_WAI24r.aip
--- Copied. 
Copying from h:\DeskPack20_A1\AI\Win_AI24\Esko\Dynamic Art 
to c:\Program Files\Adobe\Adobe Illustrator 2020\Plug-ins\Esko\Dynamic Art 

	    New File  		   3.5 m	h:\DeskPack20_A1\AI\Win_AI24\Esko\Dynamic Art\DynamicArt_WAI24r.aip
--- Copied. 
Copying from h:\DeskPack20_A1\AI\Win_AI24\Esko\Dynamic Panels 
to c:\Program Files\Adobe\Adobe Illustrator 2020\Plug-ins\Esko\Dynamic Panels 

	    New File  		   1.5 m	h:\DeskPack20_A1\AI\Win_AI24\Esko\Dynamic Panels\DynamicPanels_WAI24r.aip
--- Copied. 
Copying from h:\DeskPack20_A1\AI\Win_AI24\Esko\Dynamic VDP 
to c:\Program Files\Adobe\Adobe Illustrator 2020\Plug-ins\Esko\Dynamic VDP 

	    New File  		   2.0 m	h:\DeskPack20_A1\AI\Win_AI24\Esko\Dynamic VDP\DynamicVDP_WAI24r.aip
--- Copied. 
Copying from h:\DeskPack20_A1\AI\Win_AI24\Esko\Image Extractor 
to c:\Program Files\Adobe\Adobe Illustrator 2020\Plug-ins\Esko\Image Extractor 

	    New File  		  558080	h:\DeskPack20_A1\AI\Win_AI24\Esko\Image Extractor\ImageExtractor_WAI24r.aip
--- Copied. 
Copying from h:\DeskPack20_A1\AI\Win_AI24\Esko\Image Optimize 
to c:\Program Files\Adobe\Adobe Illustrator 2020\Plug-ins\Esko\Image Optimize 

	    New File  		  110080	h:\DeskPack20_A1\AI\Win_AI24\Esko\Image Optimize\ImageOptimize_WAI24r.aip
--- Copied. 
Copying from h:\DeskPack20_A1\AI\Win_AI24\Esko\Instant Trapper 
to c:\Program Files\Adobe\Adobe Illustrator 2020\Plug-ins\Esko\Instant Trapper 

	    New File  		  379904	h:\DeskPack20_A1\AI\Win_AI24\Esko\Instant Trapper\InstantTrapper_WAI24r.aip
--- Copied. 
Copying from h:\DeskPack20_A1\AI\Win_AI24\Esko\Licensing 
to c:\Program Files\Adobe\Adobe Illustrator 2020\Plug-ins\Esko\Licensing 

	    New File  		   8.6 m	h:\DeskPack20_A1\AI\Win_AI24\Esko\Licensing\Licensing_WAI24r.aip
--- Copied. 
Copying from h:\DeskPack20_A1\AI\Win_AI24\Esko\Notes 
to c:\Program Files\Adobe\Adobe Illustrator 2020\Plug-ins\Esko\Notes 

	    New File  		  423424	h:\DeskPack20_A1\AI\Win_AI24\Esko\Notes\Notes_WAI24r.aip
--- Copied. 
Copying from h:\DeskPack20_A1\AI\Win_AI24\Esko\PDF Import 
to c:\Program Files\Adobe\Adobe Illustrator 2020\Plug-ins\Esko\PDF Import 

	    New File  		  291328	h:\DeskPack20_A1\AI\Win_AI24\Esko\PDF Import\PDFImport_WAI24r.aip
--- Copied. 
Copying from h:\DeskPack20_A1\AI\Win_AI24\Esko\PitStop 
to c:\Program Files\Adobe\Adobe Illustrator 2020\Plug-ins\Esko\PitStop 

	    New File  		  24.0 m	h:\DeskPack20_A1\AI\Win_AI24\Esko\PitStop\PitStopGUI_WAI24r.aip
	    New File  		   1.0 m	h:\DeskPack20_A1\AI\Win_AI24\Esko\PitStop\PitStop_WAI24r.aip
--- Copied. 
Copying from h:\DeskPack20_A1\AI\Win_AI24\Esko\PowerLayout 
to c:\Program Files\Adobe\Adobe Illustrator 2020\Plug-ins\Esko\PowerLayout 

	    New File  		   2.5 m	h:\DeskPack20_A1\AI\Win_AI24\Esko\PowerLayout\PowerLayout_WAI24r.aip
--- Copied. 
Copying from h:\DeskPack20_A1\AI\Win_AI24\Esko\PowerLayout Standalone 
to c:\Program Files\Adobe\Adobe Illustrator 2020\Plug-ins\Esko\PowerLayout Standalone 

	    New File  		   3.9 m	h:\DeskPack20_A1\AI\Win_AI24\Esko\PowerLayout Standalone\PowerLayoutStandalone_WAI24r.aip
--- Copied. 
Copying from h:\DeskPack20_A1\AI\Win_AI24\Esko\PowerTrapper 
to c:\Program Files\Adobe\Adobe Illustrator 2020\Plug-ins\Esko\PowerTrapper 

	    New File  		   3.4 m	h:\DeskPack20_A1\AI\Win_AI24\Esko\PowerTrapper\PowerTrapper_WAI24r.aip
	    New File  		  412672	h:\DeskPack20_A1\AI\Win_AI24\Esko\PowerTrapper\RichBlack_WAI24r.aip
--- Copied. 
Copying from h:\DeskPack20_A1\AI\Win_AI24\Esko\Preflight 
to c:\Program Files\Adobe\Adobe Illustrator 2020\Plug-ins\Esko\Preflight 

	    New File  		  249856	h:\DeskPack20_A1\AI\Win_AI24\Esko\Preflight\CheckSuite_WAI24r.aip
	    New File  		  413184	h:\DeskPack20_A1\AI\Win_AI24\Esko\Preflight\FontManager_WAI24r.aip
	    New File  		  496128	h:\DeskPack20_A1\AI\Win_AI24\Esko\Preflight\Parameters_WAI24r.aip
	    New File  		  403968	h:\DeskPack20_A1\AI\Win_AI24\Esko\Preflight\Preflight_Collection_WAI24r.aip
	    New File  		  470528	h:\DeskPack20_A1\AI\Win_AI24\Esko\Preflight\Validator_WAI24r.aip
--- Copied. 
Copying from h:\DeskPack20_A1\AI\Win_AI24\Esko\Screening 
to c:\Program Files\Adobe\Adobe Illustrator 2020\Plug-ins\Esko\Screening 

	    New File  		  387072	h:\DeskPack20_A1\AI\Win_AI24\Esko\Screening\Screening_WAI24r.aip
--- Copied. 
Skipping Seamless Repeat...
Copying from h:\DeskPack20_A1\AI\Win_AI24\Esko\Select by Attributes 
to c:\Program Files\Adobe\Adobe Illustrator 2020\Plug-ins\Esko\Select by Attributes 

	    New File  		  527872	h:\DeskPack20_A1\AI\Win_AI24\Esko\Select by Attributes\SelectByAttributes_WAI24r.aip
--- Copied. 
Copying from h:\DeskPack20_A1\AI\Win_AI24\Esko\Text Recognition 
to c:\Program Files\Adobe\Adobe Illustrator 2020\Plug-ins\Esko\Text Recognition 

	    New File  		   6.9 m	h:\DeskPack20_A1\AI\Win_AI24\Esko\Text Recognition\AIOCR_WAI24r.aip
--- Copied. 
Copying from h:\DeskPack20_A1\AI\Win_AI24\Esko\Thin Parts 
to c:\Program Files\Adobe\Adobe Illustrator 2020\Plug-ins\Esko\Thin Parts 

	    New File  		  546304	h:\DeskPack20_A1\AI\Win_AI24\Esko\Thin Parts\ThinParts_WAI24r.aip
--- Copied. 
Copying from h:\DeskPack20_A1\AI\Win_AI24\Esko\TIFF Export 
to c:\Program Files\Adobe\Adobe Illustrator 2020\Plug-ins\Esko\TIFF Export 

	    New File  		  375296	h:\DeskPack20_A1\AI\Win_AI24\Esko\TIFF Export\TIFFExport_WAI24r.aip
--- Copied. 
Copying from h:\DeskPack20_A1\AI\Win_AI24\Esko\Variable Data 
to c:\Program Files\Adobe\Adobe Illustrator 2020\Plug-ins\Esko\Variable Data 

	    New File  		   4.0 m	h:\DeskPack20_A1\AI\Win_AI24\Esko\Variable Data\AIVDPPlugin_WAI24r.aip
--- Copied. 
Copying from h:\DeskPack20_A1\AI\Win_AI24\Esko\WebCenter Connector 
to c:\Program Files\Adobe\Adobe Illustrator 2020\Plug-ins\Esko\WebCenter Connector 

	    New File  		   6.2 m	h:\DeskPack20_A1\AI\Win_AI24\Esko\WebCenter Connector\WebCenterConnector_WAI24r.aip
--- Copied. 
Copying from h:\DeskPack20_A1\AI\Win_AI24\Esko\White Underprint 
to c:\Program Files\Adobe\Adobe Illustrator 2020\Plug-ins\Esko\White Underprint 

	    New File  		  435200	h:\DeskPack20_A1\AI\Win_AI24\Esko\White Underprint\WhiteUnderprint_WAI24r.aip
--- Copied. 
Copying from h:\DeskPack20_A1\AI\Win_AI24\Esko\Shuttle\BSClient 
to c:\Program Files\Adobe\Adobe Illustrator 2020\Plug-ins\Esko\Shuttle\BSClient 

	    New File  		  32.5 m	h:\DeskPack20_A1\AI\Win_AI24\Esko\Shuttle\BSClient\BSClient_WAI24r.aip
--- Copied. 
Copying from h:\DeskPack20_A1\AI\Win_AI24\Esko\Shuttle\Shuttle 
to c:\Program Files\Adobe\Adobe Illustrator 2020\Plug-ins\Esko\Shuttle\Shuttle 

	    New File  		   2.4 m	h:\DeskPack20_A1\AI\Win_AI24\Esko\Shuttle\Shuttle\ipworks9.dll
	    New File  		   3.3 m	h:\DeskPack20_A1\AI\Win_AI24\Esko\Shuttle\Shuttle\Shuttle_WAI24r.aip
--- Copied. 
Copying from h:\DeskPack20_A1\AI\Win_AI24\Esko\UI 
to c:\Program Files\Adobe\Adobe Illustrator 2020\Plug-ins\Esko\UI 

	    New File  		   1.2 m	h:\DeskPack20_A1\AI\Win_AI24\Esko\UI\DP161\BGADMQt5Manager_DP161_AI24.dll
	    New File  		  220672	h:\DeskPack20_A1\AI\Win_AI24\Esko\UI\DP161\BGADMUIHelper_WAI24r.aip
	    New File  		   5.1 m	h:\DeskPack20_A1\AI\Win_AI24\Esko\UI\DP161\Qt5Core_DP161.dll
	    New File  		   5.3 m	h:\DeskPack20_A1\AI\Win_AI24\Esko\UI\DP161\Qt5Gui_DP161.dll
	    New File  		   2.3 m	h:\DeskPack20_A1\AI\Win_AI24\Esko\UI\DP161\Qt5Network_DP161.dll
	    New File  		  337920	h:\DeskPack20_A1\AI\Win_AI24\Esko\UI\DP161\Qt5OpenGL_DP161.dll
	    New File  		  211968	h:\DeskPack20_A1\AI\Win_AI24\Esko\UI\DP161\Qt5Sql_DP161.dll
	    New File  		  232960	h:\DeskPack20_A1\AI\Win_AI24\Esko\UI\DP161\Qt5WebKitWidgets_DP161.dll
	    New File  		  21.3 m	h:\DeskPack20_A1\AI\Win_AI24\Esko\UI\DP161\Qt5WebKit_DP161.dll
	    New File  		   5.2 m	h:\DeskPack20_A1\AI\Win_AI24\Esko\UI\DP161\Qt5Widgets_DP161.dll
	    New File  		  242688	h:\DeskPack20_A1\AI\Win_AI24\Esko\UI\DP161\Qt5WinExtras_DP161.dll
	    New File  		  196096	h:\DeskPack20_A1\AI\Win_AI24\Esko\UI\DP161\Qt5Xml_DP161.dll
	    New File  		   1.0 m	h:\DeskPack20_A1\AI\Win_AI24\Esko\UI\DP161\qwindows.dll
	    New File  		   32768	h:\DeskPack20_A1\AI\Win_AI24\Esko\UI\DP161\imageformats\qgif.dll
--- Copied. 
Copying from h:\DeskPack20_A1\NDL\Win_AI24\Data Exchange\NDL Kernel 
to c:\Program Files\Adobe\Adobe Illustrator 2020\Plug-ins\Esko\Data Exchange\NDL Kernel 

	    Newer     		  72.3 m	h:\DeskPack20_A1\NDL\Win_AI24\Data Exchange\NDL Kernel\AINDLKernelPlugin_WAI24r.aip
--- Copied. 
Copying from h:\DeskPack20_A1\NDL\Win_AI24\Data Exchange\Dynamic Marks Core 
to c:\Program Files\Adobe\Adobe Illustrator 2020\Plug-ins\Esko\Data Exchange\Dynamic Marks Core 

	    Newer     		   1.0 m	h:\DeskPack20_A1\NDL\Win_AI24\Data Exchange\Dynamic Marks Core\MarksCore_WAI24r.aip
--- Copied. 
Copying from h:\DeskPack20_A1\NDL\Win_AI24\Automated Testers 
to c:\Program Files\Adobe\Adobe Illustrator 2020\Plug-ins\Esko\Automated Testers 

	  *EXTRA File 		  318464	c:\Program Files\Adobe\Adobe Illustrator 2020\Plug-ins\Esko\Automated Testers\AIUnit_WAI24r.aip
	  *EXTRA File 		  136704	c:\Program Files\Adobe\Adobe Illustrator 2020\Plug-ins\Esko\Automated Testers\DynamicBarcodesTester_WAI24r.aip
	  *EXTRA File 		  176128	c:\Program Files\Adobe\Adobe Illustrator 2020\Plug-ins\Esko\Automated Testers\DynamicMarksTester_WAI24r.aip
	  *EXTRA File 		  154624	c:\Program Files\Adobe\Adobe Illustrator 2020\Plug-ins\Esko\Automated Testers\DynamicTablesTester_WAI24r.aip
	  *EXTRA File 		  449536	c:\Program Files\Adobe\Adobe Illustrator 2020\Plug-ins\Esko\Automated Testers\PDFExportTester_WAI24r.aip
	  *EXTRA File 		  311808	c:\Program Files\Adobe\Adobe Illustrator 2020\Plug-ins\Esko\Automated Testers\PLSTester_WAI24r.aip
	  *EXTRA File 		  420352	c:\Program Files\Adobe\Adobe Illustrator 2020\Plug-ins\Esko\Automated Testers\TIFFExportTester_WAI24r.aip
	  *EXTRA File 		  170496	c:\Program Files\Adobe\Adobe Illustrator 2020\Plug-ins\Esko\Automated Testers\TrappingTester_WAI24r.aip
### 2 Difference or error 
Copying from h:\DeskPack20_A1\NDL\Win_AI24\Trapping 
to c:\Program Files\Adobe\Adobe Illustrator 2020\Plug-ins\Esko\Trapping 

	    Newer     		  756736	h:\DeskPack20_A1\NDL\Win_AI24\Trapping\Trapping_WAI24r.aip
--- Copied. 
Copying from h:\DeskPack20_A1\NDL\Win_AI24\Viewer 
to c:\Program Files\Adobe\Adobe Illustrator 2020\Plug-ins\Esko\Viewer 

	  *EXTRA File 		  369664	c:\Program Files\Adobe\Adobe Illustrator 2020\Plug-ins\Esko\Viewer\Compare_WAI24r.aip
	  *EXTRA File 		  760320	c:\Program Files\Adobe\Adobe Illustrator 2020\Plug-ins\Esko\Viewer\Viewer_WAI24r.aip
### 2 Difference or error 
Copying from h:\DeskPack20_A1\NDL\Win_AI24\Dynamic Tables 
to c:\Program Files\Adobe\Adobe Illustrator 2020\Plug-ins\Esko\Dynamic Tables 

	  *EXTRA File 		   3.2 m	c:\Program Files\Adobe\Adobe Illustrator 2020\Plug-ins\Esko\Dynamic Tables\DynamicTables_WAI24r.aip
### 2 Difference or error 
Copying from h:\DeskPack20_A1\NDL\Win_AI24\Dynamic Marks 
to c:\Program Files\Adobe\Adobe Illustrator 2020\Plug-ins\Esko\Dynamic Marks 

	    Newer     		  29.8 m	h:\DeskPack20_A1\NDL\Win_AI24\Dynamic Marks\DynamicMarks_WAI24r.aip
--- Copied. 
Copying from h:\DeskPack20_A1\NDL\Win_AI24\Dynamic Content 
to c:\Program Files\Adobe\Adobe Illustrator 2020\Plug-ins\Esko\Dynamic Content 

	    Newer     		   4.2 m	h:\DeskPack20_A1\NDL\Win_AI24\Dynamic Content\DynamicContent_WAI24r.aip
--- Copied. 
Copying from h:\DeskPack20_A1\NDL\Win_AI24\Dynamic Barcodes 
to c:\Program Files\Adobe\Adobe Illustrator 2020\Plug-ins\Esko\Dynamic Barcodes 

	    Newer     		   3.4 m	h:\DeskPack20_A1\NDL\Win_AI24\Dynamic Barcodes\DynamicBarcodes_WAI24r.aip
--- Copied. 
--- 2019-12-03 12:39:00.55 
 
Deleting bundles archive "c:\Program Files\Adobe\Adobe Illustrator 2020\Esko\*.7z" 
Copying bundles archive from h:\DeskPack20_A1\Archive 
to c:\Program Files\Adobe\Adobe Illustrator 2020\Esko 

	    New File  		 165.6 m	h:\DeskPack20_A1\Archive\DeskPack20_A1_b200_Win_Localisation.7z
--- Archive copied. 
Extracting bundles archive from c:\Program Files\Adobe\Adobe Illustrator 2020\Esko\DeskPack20_A1_b200_Win_Localisation.7z 
to c:\Program Files\Adobe\Adobe Illustrator 2020\Esko 
--- 2019-12-03 12:43:25.17 
Plugin extraction finished without error.
 
