Blat v2.6.2 w/GSS encryption (build : Feb 25 2007 12:06:19)

^CBlat v2.6.2 w/GSS encryption (build : Feb 25 2007 12:06:19)

^CBlat v2.6.2 w/GSS encryption (build : Feb 25 2007 12:06:19)

unknown error code 2 when trying to open UpdateAllPlugins succesfully finished.
Blat v2.6.2 w/GSS encryption (build : Feb 25 2007 12:06:19)

unknown error code 2 when trying to open UpdateAllPlugins succesfully finished.
Blat v2.6.2 w/GSS encryption (build : Feb 25 2007 12:06:19)

^CBlat v2.6.2 w/GSS encryption (build : Feb 25 2007 12:06:19)

Sending D:\CommonHelpers\CommonScripts\Logging\UpdateAllPlugins_20190626_102949.log to tota@esko.com
Subject: UpdateAllPlugins succesfully finished.
Login name is PRASRV01-BatchTest@esko.com
Blat v2.6.2 w/GSS encryption (build : Feb 25 2007 12:06:19)

Sending D:\CommonHelpers\CommonScripts\Logging\UpdateAllPlugins_20190626_103040.log to tota@esko.com
Subject: UpdateAllPlugins succesfully finished.
Login name is PRASRV01-BatchTest@esko.com
Blat v2.6.2 w/GSS encryption (build : Feb 25 2007 12:06:19)

Sending D:\CommonHelpers\CommonScripts\Logging\UpdateAllPlugins_20190626_160358.log to tota@esko.com
Subject: UpdateAllPlugins succesfully finished.
Login name is PRASRV01-BatchTest@esko.com
Blat v2.6.2 w/GSS encryption (build : Feb 25 2007 12:06:19)

Sending D:\CommonHelpers\CommonScripts\Logging\UpdateAllPlugins_20190626_163545.log to tota@esko.com
Subject: UpdateAllPlugins succesfully finished.
Login name is PRASRV01-BatchTest@esko.com
Blat v2.6.2 w/GSS encryption (build : Feb 25 2007 12:06:19)

Sending D:\CommonHelpers\CommonScripts\Logging\UpdateAllPlugins_20190626_172907.log to tota@esko.com
Subject: UpdateAllPlugins succesfully finished.
Login name is PRASRV01-BatchTest@esko.com
Blat v2.6.2 w/GSS encryption (build : Feb 25 2007 12:06:19)

Sending D:\CommonHelpers\CommonScripts\Logging\UpdateAllPlugins_20190701_080000.log to tota@esko.com
Subject: UpdateAllPlugins succesfully finished.
Login name is PRASRV01-BatchTest@esko.com
Blat v2.6.2 w/GSS encryption (build : Feb 25 2007 12:06:19)

Sending D:\CommonHelpers\CommonScripts\Logging\UpdateAllPlugins_20190704_084204.log to tota@esko.com
Subject: UpdateAllPlugins succesfully finished.
Login name is PRASRV01-BatchTest@esko.com
