--- 2019-06-26 16:35:45 
--- Staring script... 
Batch UpdateAllPlugins started. 
  
--- 2019-06-26 16:35:45.52 
Checking servers... 
Checking presence of h:\DeskPack18_A5\buildnumber.txt 
Servers seem to be connected. 
Checking if Illustrator is running... 
Checking if Illustrator is running. 1... 
--- 2019-06-26 16:35:48.29 
 
Copying plugins... 
Copying from h:\DeskPack18_A5\AI\Win_AI23\Esko\Data Exchange\NDL Kernel 
to c:\Program Files\Adobe\Adobe Illustrator CC 2019\Plug-ins\Esko\Data Exchange\NDL Kernel 

	                   1	h:\DeskPack18_A5\AI\Win_AI23\Esko\Data Exchange\NDL Kernel\
*** Nothing to copy. 
Copying from h:\DeskPack18_A5\AI\Win_AI23\Esko\Automated Testers 
to c:\Program Files\Adobe\Adobe Illustrator CC 2019\Plug-ins\Esko\Automated Testers 

	                   8	h:\DeskPack18_A5\AI\Win_AI23\Esko\Automated Testers\
*** Nothing to copy. 
Copying from h:\DeskPack18_A5\AI\Win_AI23\Esko\Trapping 
to c:\Program Files\Adobe\Adobe Illustrator CC 2019\Plug-ins\Esko\Trapping 

	                   1	h:\DeskPack18_A5\AI\Win_AI23\Esko\Trapping\
*** Nothing to copy. 
Copying from h:\DeskPack18_A5\AI\Win_AI23\Esko\Viewer 
to c:\Program Files\Adobe\Adobe Illustrator CC 2019\Plug-ins\Esko\Viewer 

	                   3	h:\DeskPack18_A5\AI\Win_AI23\Esko\Viewer\
*** Nothing to copy. 
Copying from h:\DeskPack18_A5\AI\Win_AI23\Esko\Dynamic Tables 
to c:\Program Files\Adobe\Adobe Illustrator CC 2019\Plug-ins\Esko\Dynamic Tables 

	                   1	h:\DeskPack18_A5\AI\Win_AI23\Esko\Dynamic Tables\
*** Nothing to copy. 
Copying from h:\DeskPack18_A5\AI\Win_AI23\Esko\Dynamic Marks 
to c:\Program Files\Adobe\Adobe Illustrator CC 2019\Plug-ins\Esko\Dynamic Marks 

	                   1	h:\DeskPack18_A5\AI\Win_AI23\Esko\Dynamic Marks\
*** Nothing to copy. 
Copying from h:\DeskPack18_A5\AI\Win_AI23\Esko\Dynamic Content 
to c:\Program Files\Adobe\Adobe Illustrator CC 2019\Plug-ins\Esko\Dynamic Content 

	                   1	h:\DeskPack18_A5\AI\Win_AI23\Esko\Dynamic Content\
*** Nothing to copy. 
Copying from h:\DeskPack18_A5\AI\Win_AI23\Esko\Dynamic Barcodes 
to c:\Program Files\Adobe\Adobe Illustrator CC 2019\Plug-ins\Esko\Dynamic Barcodes 

	                   1	h:\DeskPack18_A5\AI\Win_AI23\Esko\Dynamic Barcodes\
*** Nothing to copy. 
Copying from h:\DeskPack18_A5\AI\Win_AI23\Esko\Data Exchange\Dynamic Marks Core 
to c:\Program Files\Adobe\Adobe Illustrator CC 2019\Plug-ins\Esko\Data Exchange\Dynamic Marks Core 

	                   1	h:\DeskPack18_A5\AI\Win_AI23\Esko\Data Exchange\Dynamic Marks Core\
*** Nothing to copy. 
Skipping ai-cut...
Copying from h:\DeskPack18_A5\AI\Win_AI23\Esko\ArtBrowser 
to c:\Program Files\Adobe\Adobe Illustrator CC 2019\Plug-ins\Esko\ArtBrowser 

	                   1	h:\DeskPack18_A5\AI\Win_AI23\Esko\ArtBrowser\
*** Nothing to copy. 
Skipping boostX...
Copying from h:\DeskPack18_A5\AI\Win_AI23\Esko\Channel Mapping 
to c:\Program Files\Adobe\Adobe Illustrator CC 2019\Plug-ins\Esko\Channel Mapping 

	                   1	h:\DeskPack18_A5\AI\Win_AI23\Esko\Channel Mapping\
*** Nothing to copy. 
Copying from h:\DeskPack18_A5\AI\Win_AI23\Esko\CHILI 
to c:\Program Files\Adobe\Adobe Illustrator CC 2019\Plug-ins\Esko\CHILI 

	                   1	h:\DeskPack18_A5\AI\Win_AI23\Esko\CHILI\
*** Nothing to copy. 
Skipping Collection...
Copying from h:\DeskPack18_A5\AI\Win_AI23\Esko\Color Engine 
to c:\Program Files\Adobe\Adobe Illustrator CC 2019\Plug-ins\Esko\Color Engine 

	                   1	h:\DeskPack18_A5\AI\Win_AI23\Esko\Color Engine\
*** Nothing to copy. 
Copying from h:\DeskPack18_A5\AI\Win_AI23\Esko\Dynamic Art 
to c:\Program Files\Adobe\Adobe Illustrator CC 2019\Plug-ins\Esko\Dynamic Art 

	                   1	h:\DeskPack18_A5\AI\Win_AI23\Esko\Dynamic Art\
*** Nothing to copy. 
Copying from h:\DeskPack18_A5\AI\Win_AI23\Esko\Dynamic Panels 
to c:\Program Files\Adobe\Adobe Illustrator CC 2019\Plug-ins\Esko\Dynamic Panels 

	                   1	h:\DeskPack18_A5\AI\Win_AI23\Esko\Dynamic Panels\
*** Nothing to copy. 
Copying from h:\DeskPack18_A5\AI\Win_AI23\Esko\Dynamic VDP 
to c:\Program Files\Adobe\Adobe Illustrator CC 2019\Plug-ins\Esko\Dynamic VDP 

	                   1	h:\DeskPack18_A5\AI\Win_AI23\Esko\Dynamic VDP\
*** Nothing to copy. 
Copying from h:\DeskPack18_A5\AI\Win_AI23\Esko\Image Extractor 
to c:\Program Files\Adobe\Adobe Illustrator CC 2019\Plug-ins\Esko\Image Extractor 

	                   1	h:\DeskPack18_A5\AI\Win_AI23\Esko\Image Extractor\
*** Nothing to copy. 
Copying from h:\DeskPack18_A5\AI\Win_AI23\Esko\Image Optimize 
to c:\Program Files\Adobe\Adobe Illustrator CC 2019\Plug-ins\Esko\Image Optimize 

	                   1	h:\DeskPack18_A5\AI\Win_AI23\Esko\Image Optimize\
*** Nothing to copy. 
Copying from h:\DeskPack18_A5\AI\Win_AI23\Esko\Instant Trapper 
to c:\Program Files\Adobe\Adobe Illustrator CC 2019\Plug-ins\Esko\Instant Trapper 

	                   1	h:\DeskPack18_A5\AI\Win_AI23\Esko\Instant Trapper\
*** Nothing to copy. 
Copying from h:\DeskPack18_A5\AI\Win_AI23\Esko\Licensing 
to c:\Program Files\Adobe\Adobe Illustrator CC 2019\Plug-ins\Esko\Licensing 

	                   1	h:\DeskPack18_A5\AI\Win_AI23\Esko\Licensing\
*** Nothing to copy. 
Copying from h:\DeskPack18_A5\AI\Win_AI23\Esko\Notes 
to c:\Program Files\Adobe\Adobe Illustrator CC 2019\Plug-ins\Esko\Notes 

	                   1	h:\DeskPack18_A5\AI\Win_AI23\Esko\Notes\
*** Nothing to copy. 
Copying from h:\DeskPack18_A5\AI\Win_AI23\Esko\PDF Import 
to c:\Program Files\Adobe\Adobe Illustrator CC 2019\Plug-ins\Esko\PDF Import 

	                   1	h:\DeskPack18_A5\AI\Win_AI23\Esko\PDF Import\
*** Nothing to copy. 
Copying from h:\DeskPack18_A5\AI\Win_AI23\Esko\PitStop 
to c:\Program Files\Adobe\Adobe Illustrator CC 2019\Plug-ins\Esko\PitStop 

	                   2	h:\DeskPack18_A5\AI\Win_AI23\Esko\PitStop\
*** Nothing to copy. 
Copying from h:\DeskPack18_A5\AI\Win_AI23\Esko\PowerLayout 
to c:\Program Files\Adobe\Adobe Illustrator CC 2019\Plug-ins\Esko\PowerLayout 

	                   1	h:\DeskPack18_A5\AI\Win_AI23\Esko\PowerLayout\
*** Nothing to copy. 
Copying from h:\DeskPack18_A5\AI\Win_AI23\Esko\PowerLayout Standalone 
to c:\Program Files\Adobe\Adobe Illustrator CC 2019\Plug-ins\Esko\PowerLayout Standalone 

	                   1	h:\DeskPack18_A5\AI\Win_AI23\Esko\PowerLayout Standalone\
*** Nothing to copy. 
Copying from h:\DeskPack18_A5\AI\Win_AI23\Esko\PowerTrapper 
to c:\Program Files\Adobe\Adobe Illustrator CC 2019\Plug-ins\Esko\PowerTrapper 

	                   2	h:\DeskPack18_A5\AI\Win_AI23\Esko\PowerTrapper\
*** Nothing to copy. 
Copying from h:\DeskPack18_A5\AI\Win_AI23\Esko\Preflight 
to c:\Program Files\Adobe\Adobe Illustrator CC 2019\Plug-ins\Esko\Preflight 

	                   5	h:\DeskPack18_A5\AI\Win_AI23\Esko\Preflight\
*** Nothing to copy. 
Copying from h:\DeskPack18_A5\AI\Win_AI23\Esko\Screening 
to c:\Program Files\Adobe\Adobe Illustrator CC 2019\Plug-ins\Esko\Screening 

	                   1	h:\DeskPack18_A5\AI\Win_AI23\Esko\Screening\
*** Nothing to copy. 
Skipping Seamless Repeat...
Copying from h:\DeskPack18_A5\AI\Win_AI23\Esko\Select by Attributes 
to c:\Program Files\Adobe\Adobe Illustrator CC 2019\Plug-ins\Esko\Select by Attributes 

	                   1	h:\DeskPack18_A5\AI\Win_AI23\Esko\Select by Attributes\
*** Nothing to copy. 
Copying from h:\DeskPack18_A5\AI\Win_AI23\Esko\Text Recognition 
to c:\Program Files\Adobe\Adobe Illustrator CC 2019\Plug-ins\Esko\Text Recognition 

	                   1	h:\DeskPack18_A5\AI\Win_AI23\Esko\Text Recognition\
*** Nothing to copy. 
Copying from h:\DeskPack18_A5\AI\Win_AI23\Esko\Thin Parts 
to c:\Program Files\Adobe\Adobe Illustrator CC 2019\Plug-ins\Esko\Thin Parts 

	                   1	h:\DeskPack18_A5\AI\Win_AI23\Esko\Thin Parts\
	    New File  		  541184	ThinParts_WAI23r.aip
--- Copied. 
Copying from h:\DeskPack18_A5\AI\Win_AI23\Esko\TIFF Export 
to c:\Program Files\Adobe\Adobe Illustrator CC 2019\Plug-ins\Esko\TIFF Export 

	                   1	h:\DeskPack18_A5\AI\Win_AI23\Esko\TIFF Export\
*** Nothing to copy. 
Copying from h:\DeskPack18_A5\AI\Win_AI23\Esko\Variable Data 
to c:\Program Files\Adobe\Adobe Illustrator CC 2019\Plug-ins\Esko\Variable Data 

	                   1	h:\DeskPack18_A5\AI\Win_AI23\Esko\Variable Data\
*** Nothing to copy. 
Copying from h:\DeskPack18_A5\AI\Win_AI23\Esko\WebCenter Connector 
to c:\Program Files\Adobe\Adobe Illustrator CC 2019\Plug-ins\Esko\WebCenter Connector 

	                   1	h:\DeskPack18_A5\AI\Win_AI23\Esko\WebCenter Connector\
*** Nothing to copy. 
Copying from h:\DeskPack18_A5\AI\Win_AI23\Esko\White Underprint 
to c:\Program Files\Adobe\Adobe Illustrator CC 2019\Plug-ins\Esko\White Underprint 

	                   1	h:\DeskPack18_A5\AI\Win_AI23\Esko\White Underprint\
*** Nothing to copy. 
Copying from h:\DeskPack18_A5\AI\Win_AI23\Esko\Data Exchange\Annotations 
to c:\Program Files\Adobe\Adobe Illustrator CC 2019\Plug-ins\Esko\Data Exchange\Annotations 

	                   1	h:\DeskPack18_A5\AI\Win_AI23\Esko\Data Exchange\Annotations\
	    New File  		   4.3 m	Annotations_WAI23r.aip
--- Copied. 
Copying from h:\DeskPack18_A5\AI\Win_AI23\Esko\Data Exchange\BrixKernel 
to c:\Program Files\Adobe\Adobe Illustrator CC 2019\Plug-ins\Esko\Data Exchange\BrixKernel 

	                   1	h:\DeskPack18_A5\AI\Win_AI23\Esko\Data Exchange\BrixKernel\
*** Nothing to copy. 
Copying from h:\DeskPack18_A5\AI\Win_AI23\Esko\Data Exchange\Customer Experience Program 
to c:\Program Files\Adobe\Adobe Illustrator CC 2019\Plug-ins\Esko\Data Exchange\Customer Experience Program 

	                   1	h:\DeskPack18_A5\AI\Win_AI23\Esko\Data Exchange\Customer Experience Program\
*** Nothing to copy. 
Copying from h:\DeskPack18_A5\AI\Win_AI23\Esko\Data Exchange\Ink Manager 
to c:\Program Files\Adobe\Adobe Illustrator CC 2019\Plug-ins\Esko\Data Exchange\Ink Manager 

	                   3	h:\DeskPack18_A5\AI\Win_AI23\Esko\Data Exchange\Ink Manager\
*** Nothing to copy. 
Copying from h:\DeskPack18_A5\AI\Win_AI23\Esko\Data Exchange\Inspection Setup 
to c:\Program Files\Adobe\Adobe Illustrator CC 2019\Plug-ins\Esko\Data Exchange\Inspection Setup 

	                   1	h:\DeskPack18_A5\AI\Win_AI23\Esko\Data Exchange\Inspection Setup\
*** Nothing to copy. 
Copying from h:\DeskPack18_A5\AI\Win_AI23\Esko\Data Exchange\MessageCenter 
to c:\Program Files\Adobe\Adobe Illustrator CC 2019\Plug-ins\Esko\Data Exchange\MessageCenter 

	                   1	h:\DeskPack18_A5\AI\Win_AI23\Esko\Data Exchange\MessageCenter\
*** Nothing to copy. 
Copying from h:\DeskPack18_A5\AI\Win_AI23\Esko\Data Exchange\PDF Export 
to c:\Program Files\Adobe\Adobe Illustrator CC 2019\Plug-ins\Esko\Data Exchange\PDF Export 

	                   1	h:\DeskPack18_A5\AI\Win_AI23\Esko\Data Exchange\PDF Export\
*** Nothing to copy. 
Copying from h:\DeskPack18_A5\AI\Win_AI23\Esko\Data Exchange\Preferences 
to c:\Program Files\Adobe\Adobe Illustrator CC 2019\Plug-ins\Esko\Data Exchange\Preferences 

	                   1	h:\DeskPack18_A5\AI\Win_AI23\Esko\Data Exchange\Preferences\
*** Nothing to copy. 
Copying from h:\DeskPack18_A5\AI\Win_AI23\Esko\Data Exchange\Structural Design 
to c:\Program Files\Adobe\Adobe Illustrator CC 2019\Plug-ins\Esko\Data Exchange\Structural Design 

	                   2	h:\DeskPack18_A5\AI\Win_AI23\Esko\Data Exchange\Structural Design\
*** Nothing to copy. 
Copying from h:\DeskPack18_A5\AI\Win_AI23\Esko\Data Exchange\Text Support 
to c:\Program Files\Adobe\Adobe Illustrator CC 2019\Plug-ins\Esko\Data Exchange\Text Support 

	                   1	h:\DeskPack18_A5\AI\Win_AI23\Esko\Data Exchange\Text Support\
*** Nothing to copy. 
Copying from h:\DeskPack18_A5\AI\Win_AI23\Esko\Data Exchange\TrimBox MediaBox 
to c:\Program Files\Adobe\Adobe Illustrator CC 2019\Plug-ins\Esko\Data Exchange\TrimBox MediaBox 

	                   1	h:\DeskPack18_A5\AI\Win_AI23\Esko\Data Exchange\TrimBox MediaBox\
*** Nothing to copy. 
Copying from h:\DeskPack18_A5\AI\Win_AI23\Esko\Data Exchange\XMP Viewer 
to c:\Program Files\Adobe\Adobe Illustrator CC 2019\Plug-ins\Esko\Data Exchange\XMP Viewer 

	                   1	h:\DeskPack18_A5\AI\Win_AI23\Esko\Data Exchange\XMP Viewer\
*** Nothing to copy. 
Copying from h:\DeskPack18_A5\AI\Win_AI23\Esko\Shuttle\BSClient 
to c:\Program Files\Adobe\Adobe Illustrator CC 2019\Plug-ins\Esko\Shuttle\BSClient 

	                   1	h:\DeskPack18_A5\AI\Win_AI23\Esko\Shuttle\BSClient\
*** Nothing to copy. 
Copying from h:\DeskPack18_A5\AI\Win_AI23\Esko\Shuttle\Shuttle 
to c:\Program Files\Adobe\Adobe Illustrator CC 2019\Plug-ins\Esko\Shuttle\Shuttle 

	                   2	h:\DeskPack18_A5\AI\Win_AI23\Esko\Shuttle\Shuttle\
*** Nothing to copy. 
Copying from h:\DeskPack18_A5\AI\Win_AI23\Esko\UI 
to c:\Program Files\Adobe\Adobe Illustrator CC 2019\Plug-ins\Esko\UI 

	                   0	h:\DeskPack18_A5\AI\Win_AI23\Esko\UI\
	                  13	h:\DeskPack18_A5\AI\Win_AI23\Esko\UI\DP161\
	    New File  		  196096	Qt5Xml_DP161.dll
	                   1	h:\DeskPack18_A5\AI\Win_AI23\Esko\UI\DP161\imageformats\
--- Copied. 
Copying from h:\DeskPack18_A5\NDL\Win_AI23\Data Exchange\NDL Kernel 
to c:\Program Files\Adobe\Adobe Illustrator CC 2019\Plug-ins\Esko\Data Exchange\NDL Kernel 

	                   1	h:\DeskPack18_A5\NDL\Win_AI23\Data Exchange\NDL Kernel\
*** Nothing to copy. 
Copying from h:\DeskPack18_A5\NDL\Win_AI23\Automated Testers 
to c:\Program Files\Adobe\Adobe Illustrator CC 2019\Plug-ins\Esko\Automated Testers 

	                   1	h:\DeskPack18_A5\NDL\Win_AI23\Automated Testers\
	  *EXTRA File 		  315904	AIUnit_WAI23r.aip
	  *EXTRA File 		  134656	DynamicBarcodesTester_WAI23r.aip
	  *EXTRA File 		  176128	DynamicMarksTester_WAI23r.aip
	  *EXTRA File 		  154624	DynamicTablesTester_WAI23r.aip
	  *EXTRA File 		  310272	PLSTester_WAI23r.aip
	  *EXTRA File 		  418816	TIFFExportTester_WAI23r.aip
	  *EXTRA File 		  170496	TrappingTester_WAI23r.aip
### 2 Difference or error 
Copying from h:\DeskPack18_A5\NDL\Win_AI23\Trapping 
to c:\Program Files\Adobe\Adobe Illustrator CC 2019\Plug-ins\Esko\Trapping 

	                   1	h:\DeskPack18_A5\NDL\Win_AI23\Trapping\
*** Nothing to copy. 
Copying from h:\DeskPack18_A5\NDL\Win_AI23\Viewer 
to c:\Program Files\Adobe\Adobe Illustrator CC 2019\Plug-ins\Esko\Viewer 

	                   1	h:\DeskPack18_A5\NDL\Win_AI23\Viewer\
	  *EXTRA File 		  368640	Compare_WAI23r.aip
	  *EXTRA File 		  757760	Viewer_WAI23r.aip
### 2 Difference or error 
Copying from h:\DeskPack18_A5\NDL\Win_AI23\Dynamic Tables 
to c:\Program Files\Adobe\Adobe Illustrator CC 2019\Plug-ins\Esko\Dynamic Tables 

	                   1	h:\DeskPack18_A5\NDL\Win_AI23\Dynamic Tables\
*** Nothing to copy. 
Copying from h:\DeskPack18_A5\NDL\Win_AI23\Dynamic Marks 
to c:\Program Files\Adobe\Adobe Illustrator CC 2019\Plug-ins\Esko\Dynamic Marks 

	                   1	h:\DeskPack18_A5\NDL\Win_AI23\Dynamic Marks\
*** Nothing to copy. 
Copying from h:\DeskPack18_A5\NDL\Win_AI23\Dynamic Content 
to c:\Program Files\Adobe\Adobe Illustrator CC 2019\Plug-ins\Esko\Dynamic Content 

	                   1	h:\DeskPack18_A5\NDL\Win_AI23\Dynamic Content\
*** Nothing to copy. 
Copying from h:\DeskPack18_A5\NDL\Win_AI23\Dynamic Barcodes 
to c:\Program Files\Adobe\Adobe Illustrator CC 2019\Plug-ins\Esko\Dynamic Barcodes 

	                   1	h:\DeskPack18_A5\NDL\Win_AI23\Dynamic Barcodes\
*** Nothing to copy. 
Copying from h:\DeskPack18_A5\NDL\Win_AI23\Data Exchange\Dynamic Marks Core 
to c:\Program Files\Adobe\Adobe Illustrator CC 2019\Plug-ins\Esko\Data Exchange\Dynamic Marks Core 

	                   1	h:\DeskPack18_A5\NDL\Win_AI23\Data Exchange\Dynamic Marks Core\
*** Nothing to copy. 
--- 2019-06-26 17:03:27.52 
 
Copying bundles... 
Copying from h:\DeskPack18_A5\Localisation_Win\Esko 
to c:\Program Files\Adobe\Adobe Illustrator CC 2019\Esko 

	                   1	h:\DeskPack18_A5\Localisation_Win\Esko\
	                   0	h:\DeskPack18_A5\Localisation_Win\Esko\AIClient.plugin\
	                   3	h:\DeskPack18_A5\Localisation_Win\Esko\AIClient.plugin\English.lproj\
	                   3	h:\DeskPack18_A5\Localisation_Win\Esko\AIClient.plugin\French.lproj\
	                   3	h:\DeskPack18_A5\Localisation_Win\Esko\AIClient.plugin\German.lproj\
	                   3	h:\DeskPack18_A5\Localisation_Win\Esko\AIClient.plugin\Italian.lproj\
	                   3	h:\DeskPack18_A5\Localisation_Win\Esko\AIClient.plugin\Japanese.lproj\
	                   2	h:\DeskPack18_A5\Localisation_Win\Esko\AIClient.plugin\ko.lproj\
	                   2	h:\DeskPack18_A5\Localisation_Win\Esko\AIClient.plugin\pt_BR.lproj\
	                   2	h:\DeskPack18_A5\Localisation_Win\Esko\AIClient.plugin\ru.lproj\
	                   3	h:\DeskPack18_A5\Localisation_Win\Esko\AIClient.plugin\Spanish.lproj\
	                   3	h:\DeskPack18_A5\Localisation_Win\Esko\AIClient.plugin\zh_CN.lproj\
	                   3	h:\DeskPack18_A5\Localisation_Win\Esko\AIClient.plugin\zh_TW.lproj\
	                   0	h:\DeskPack18_A5\Localisation_Win\Esko\AICut.plugin\
	                   1	h:\DeskPack18_A5\Localisation_Win\Esko\AICut.plugin\cs.lproj\
	                   2	h:\DeskPack18_A5\Localisation_Win\Esko\AICut.plugin\English.lproj\
	                   2	h:\DeskPack18_A5\Localisation_Win\Esko\AICut.plugin\French.lproj\
	                   2	h:\DeskPack18_A5\Localisation_Win\Esko\AICut.plugin\German.lproj\
	                   2	h:\DeskPack18_A5\Localisation_Win\Esko\AICut.plugin\Italian.lproj\
	                   2	h:\DeskPack18_A5\Localisation_Win\Esko\AICut.plugin\Japanese.lproj\
	                   2	h:\DeskPack18_A5\Localisation_Win\Esko\AICut.plugin\ko.lproj\
	                   1	h:\DeskPack18_A5\Localisation_Win\Esko\AICut.plugin\nb.lproj\
	                   1	h:\DeskPack18_A5\Localisation_Win\Esko\AICut.plugin\nl.lproj\
	                   1	h:\DeskPack18_A5\Localisation_Win\Esko\AICut.plugin\pl.lproj\
	                   2	h:\DeskPack18_A5\Localisation_Win\Esko\AICut.plugin\pt_BR.lproj\
	                   1	h:\DeskPack18_A5\Localisation_Win\Esko\AICut.plugin\ru.lproj\
	                   2	h:\DeskPack18_A5\Localisation_Win\Esko\AICut.plugin\Spanish.lproj\
	                   1	h:\DeskPack18_A5\Localisation_Win\Esko\AICut.plugin\sv.lproj\
	                   2	h:\DeskPack18_A5\Localisation_Win\Esko\AICut.plugin\zh_CN.lproj\
	                   2	h:\DeskPack18_A5\Localisation_Win\Esko\AICut.plugin\zh_TW.lproj\
	                   0	h:\DeskPack18_A5\Localisation_Win\Esko\boostX.plugin\
	                   1	h:\DeskPack18_A5\Localisation_Win\Esko\boostX.plugin\BagTypes\
	                  11	h:\DeskPack18_A5\Localisation_Win\Esko\boostX.plugin\English.lproj\
	                  11	h:\DeskPack18_A5\Localisation_Win\Esko\boostX.plugin\French.lproj\
	                  11	h:\DeskPack18_A5\Localisation_Win\Esko\boostX.plugin\German.lproj\
	                  11	h:\DeskPack18_A5\Localisation_Win\Esko\boostX.plugin\Italian.lproj\
	                  11	h:\DeskPack18_A5\Localisation_Win\Esko\boostX.plugin\Japanese.lproj\
	                  11	h:\DeskPack18_A5\Localisation_Win\Esko\boostX.plugin\ko.lproj\
	                   1	h:\DeskPack18_A5\Localisation_Win\Esko\boostX.plugin\pt_BR.lproj\
	                   1	h:\DeskPack18_A5\Localisation_Win\Esko\boostX.plugin\ru.lproj\
	                  11	h:\DeskPack18_A5\Localisation_Win\Esko\boostX.plugin\Spanish.lproj\
	                  11	h:\DeskPack18_A5\Localisation_Win\Esko\boostX.plugin\zh_CN.lproj\
	                  11	h:\DeskPack18_A5\Localisation_Win\Esko\boostX.plugin\zh_TW.lproj\
	                   0	h:\DeskPack18_A5\Localisation_Win\Esko\BrixKernel.plugin\
	                   0	h:\DeskPack18_A5\Localisation_Win\Esko\BrixKernel.plugin\bg_data_cms_bonsai_v010\
	                   6	h:\DeskPack18_A5\Localisation_Win\Esko\BrixKernel.plugin\bg_data_cms_bonsai_v010\r\
	                  16	h:\DeskPack18_A5\Localisation_Win\Esko\BrixKernel.plugin\bg_data_cms_bonsai_v010\r\cdb\
	                  53	h:\DeskPack18_A5\Localisation_Win\Esko\BrixKernel.plugin\bg_data_cms_bonsai_v010\r\cmn\
	                  10	h:\DeskPack18_A5\Localisation_Win\Esko\BrixKernel.plugin\bg_data_cms_bonsai_v010\r\cmn\cache\
	                   2	h:\DeskPack18_A5\Localisation_Win\Esko\BrixKernel.plugin\bg_data_cms_bonsai_v010\r\coltrfrm\
	                   1	h:\DeskPack18_A5\Localisation_Win\Esko\BrixKernel.plugin\bg_data_cms_bonsai_v010\r\dic\
	                   0	h:\DeskPack18_A5\Localisation_Win\Esko\BrixKernel.plugin\bg_data_cms_bonsai_v010\r\equinox\
	                   8	h:\DeskPack18_A5\Localisation_Win\Esko\BrixKernel.plugin\bg_data_cms_bonsai_v010\r\equinox\gmt\
	                   2	h:\DeskPack18_A5\Localisation_Win\Esko\BrixKernel.plugin\bg_data_cms_bonsai_v010\r\equinox\spn\
	                   1	h:\DeskPack18_A5\Localisation_Win\Esko\BrixKernel.plugin\bg_data_cms_bonsai_v010\r\gcr\
	                   4	h:\DeskPack18_A5\Localisation_Win\Esko\BrixKernel.plugin\bg_data_cms_bonsai_v010\r\icc\
	                  13	h:\DeskPack18_A5\Localisation_Win\Esko\BrixKernel.plugin\bg_data_cms_bonsai_v010\r\idb\
	                  18	h:\DeskPack18_A5\Localisation_Win\Esko\BrixKernel.plugin\bg_data_cms_bonsai_v010\r\idb\ClassicColors_cdb\
	                  11	h:\DeskPack18_A5\Localisation_Win\Esko\BrixKernel.plugin\bg_data_cms_bonsai_v010\r\idb\inks\
	                  14	h:\DeskPack18_A5\Localisation_Win\Esko\BrixKernel.plugin\bg_data_cms_bonsai_v010\r\idb\process_cdb\
	                  11	h:\DeskPack18_A5\Localisation_Win\Esko\BrixKernel.plugin\bg_data_cms_bonsai_v010\r\idb\tintsandoverprints\
	                   2	h:\DeskPack18_A5\Localisation_Win\Esko\BrixKernel.plugin\bg_data_cms_bonsai_v010\r\layout\
	                   5	h:\DeskPack18_A5\Localisation_Win\Esko\BrixKernel.plugin\bg_data_cms_bonsai_v010\r\layout\patchset\
	                   2	h:\DeskPack18_A5\Localisation_Win\Esko\BrixKernel.plugin\bg_data_cms_bonsai_v010\r\pit\
	                   3	h:\DeskPack18_A5\Localisation_Win\Esko\BrixKernel.plugin\bg_data_cms_bonsai_v010\r\scan\
	                  35	h:\DeskPack18_A5\Localisation_Win\Esko\BrixKernel.plugin\bg_data_cms_bonsai_v010\r\tim\
	                   0	h:\DeskPack18_A5\Localisation_Win\Esko\BrixKernel.plugin\bg_data_cms_bonsai_v010\w\
	                   1	h:\DeskPack18_A5\Localisation_Win\Esko\BrixKernel.plugin\bg_data_cms_bonsai_v010\w\approval\
	                   1	h:\DeskPack18_A5\Localisation_Win\Esko\BrixKernel.plugin\bg_data_cms_bonsai_v010\w\bg2400\
	                   1	h:\DeskPack18_A5\Localisation_Win\Esko\BrixKernel.plugin\bg_data_cms_bonsai_v010\w\bg5200\
	                   1	h:\DeskPack18_A5\Localisation_Win\Esko\BrixKernel.plugin\bg_data_cms_bonsai_v010\w\bg5220\
	                   1	h:\DeskPack18_A5\Localisation_Win\Esko\BrixKernel.plugin\bg_data_cms_bonsai_v010\w\bg5250\
	                  16	h:\DeskPack18_A5\Localisation_Win\Esko\BrixKernel.plugin\bg_data_cms_bonsai_v010\w\cdb\
	                   1	h:\DeskPack18_A5\Localisation_Win\Esko\BrixKernel.plugin\bg_data_cms_bonsai_v010\w\cmn\
	                   0	h:\DeskPack18_A5\Localisation_Win\Esko\BrixKernel.plugin\bg_data_cms_bonsai_v010\w\cmn\cache\
	                   0	h:\DeskPack18_A5\Localisation_Win\Esko\BrixKernel.plugin\bg_data_cms_bonsai_v010\w\coltrfrm\
	                   0	h:\DeskPack18_A5\Localisation_Win\Esko\BrixKernel.plugin\bg_data_cms_bonsai_v010\w\dfe\
	                   1	h:\DeskPack18_A5\Localisation_Win\Esko\BrixKernel.plugin\bg_data_cms_bonsai_v010\w\dic\
	                   1	h:\DeskPack18_A5\Localisation_Win\Esko\BrixKernel.plugin\bg_data_cms_bonsai_v010\w\fripdw\
	                   1	h:\DeskPack18_A5\Localisation_Win\Esko\BrixKernel.plugin\bg_data_cms_bonsai_v010\w\fripr\
	                   1	h:\DeskPack18_A5\Localisation_Win\Esko\BrixKernel.plugin\bg_data_cms_bonsai_v010\w\fripu\
	                   1	h:\DeskPack18_A5\Localisation_Win\Esko\BrixKernel.plugin\bg_data_cms_bonsai_v010\w\gcr\
	                   1	h:\DeskPack18_A5\Localisation_Win\Esko\BrixKernel.plugin\bg_data_cms_bonsai_v010\w\gray\
	                   0	h:\DeskPack18_A5\Localisation_Win\Esko\BrixKernel.plugin\bg_data_cms_bonsai_v010\w\icc\
	                  12	h:\DeskPack18_A5\Localisation_Win\Esko\BrixKernel.plugin\bg_data_cms_bonsai_v010\w\idb\
	                   3	h:\DeskPack18_A5\Localisation_Win\Esko\BrixKernel.plugin\bg_data_cms_bonsai_v010\w\idb\designer_cdb\
	                   3	h:\DeskPack18_A5\Localisation_Win\Esko\BrixKernel.plugin\bg_data_cms_bonsai_v010\w\idb\nonsaveable_cdb\
	                   1	h:\DeskPack18_A5\Localisation_Win\Esko\BrixKernel.plugin\bg_data_cms_bonsai_v010\w\scan\
	                   1	h:\DeskPack18_A5\Localisation_Win\Esko\BrixKernel.plugin\bg_data_cms_bonsai_v010\w\sep2sep\
	                   1	h:\DeskPack18_A5\Localisation_Win\Esko\BrixKernel.plugin\bg_data_cms_bonsai_v010\w\tonersaver\
	                   1	h:\DeskPack18_A5\Localisation_Win\Esko\BrixKernel.plugin\bg_data_cms_bonsai_v010\w\ucr\
	                   0	h:\DeskPack18_A5\Localisation_Win\Esko\BrixKernel.plugin\bg_data_cms_bonsai_v010\w\wfc\
	                   1	h:\DeskPack18_A5\Localisation_Win\Esko\BrixKernel.plugin\bg_data_cms_bonsai_v010\w\xeikon\
	                   7	h:\DeskPack18_A5\Localisation_Win\Esko\BrixKernel.plugin\bg_data_fonts_bonsai_v040\
	  *EXTRA File 		       0	lock.lck
	  *EXTRA File 		    1774	ufl_cache_win.dat
	                   0	h:\DeskPack18_A5\Localisation_Win\Esko\BrixKernel.plugin\bg_prog_deskpack_v072\
	                   3	h:\DeskPack18_A5\Localisation_Win\Esko\BrixKernel.plugin\bg_prog_deskpack_v072\dat\
	                   0	h:\DeskPack18_A5\Localisation_Win\Esko\BrixKernel.plugin\bg_prog_deskpack_v072\dat\license\
	                   2	h:\DeskPack18_A5\Localisation_Win\Esko\BrixKernel.plugin\bg_prog_deskpack_v072\dat\license\xerces\
	                   0	h:\DeskPack18_A5\Localisation_Win\Esko\BrixKernel.plugin\bg_prog_deskpack_v072\dat\Resources\
	                 121	h:\DeskPack18_A5\Localisation_Win\Esko\BrixKernel.plugin\bg_prog_deskpack_v072\dat\Resources\CMap\
	  *EXTRA File 		   28570	ufl_cache_win.dat
	                  32	h:\DeskPack18_A5\Localisation_Win\Esko\BrixKernel.plugin\bg_prog_deskpack_v072\dat\unicode\
	                   5	h:\DeskPack18_A5\Localisation_Win\Esko\BrixKernel.plugin\English.lproj\
	                   5	h:\DeskPack18_A5\Localisation_Win\Esko\BrixKernel.plugin\French.lproj\
	                   5	h:\DeskPack18_A5\Localisation_Win\Esko\BrixKernel.plugin\German.lproj\
	                   5	h:\DeskPack18_A5\Localisation_Win\Esko\BrixKernel.plugin\Italian.lproj\
	                   5	h:\DeskPack18_A5\Localisation_Win\Esko\BrixKernel.plugin\Japanese.lproj\
	                   5	h:\DeskPack18_A5\Localisation_Win\Esko\BrixKernel.plugin\ko.lproj\
	                   5	h:\DeskPack18_A5\Localisation_Win\Esko\BrixKernel.plugin\pt_BR.lproj\
	                   5	h:\DeskPack18_A5\Localisation_Win\Esko\BrixKernel.plugin\ru.lproj\
	                   5	h:\DeskPack18_A5\Localisation_Win\Esko\BrixKernel.plugin\Spanish.lproj\
	                   5	h:\DeskPack18_A5\Localisation_Win\Esko\BrixKernel.plugin\zh_CN.lproj\
	                   5	h:\DeskPack18_A5\Localisation_Win\Esko\BrixKernel.plugin\zh_TW.lproj\
	                   0	h:\DeskPack18_A5\Localisation_Win\Esko\ChannelMapping.plugin\
	                   2	h:\DeskPack18_A5\Localisation_Win\Esko\ChannelMapping.plugin\English.lproj\
	                   2	h:\DeskPack18_A5\Localisation_Win\Esko\ChannelMapping.plugin\French.lproj\
	                   2	h:\DeskPack18_A5\Localisation_Win\Esko\ChannelMapping.plugin\German.lproj\
	                   2	h:\DeskPack18_A5\Localisation_Win\Esko\ChannelMapping.plugin\Italian.lproj\
	                   2	h:\DeskPack18_A5\Localisation_Win\Esko\ChannelMapping.plugin\Japanese.lproj\
	                   2	h:\DeskPack18_A5\Localisation_Win\Esko\ChannelMapping.plugin\ko.lproj\
	                   1	h:\DeskPack18_A5\Localisation_Win\Esko\ChannelMapping.plugin\pt_BR.lproj\
	                   1	h:\DeskPack18_A5\Localisation_Win\Esko\ChannelMapping.plugin\ru.lproj\
	                   2	h:\DeskPack18_A5\Localisation_Win\Esko\ChannelMapping.plugin\Spanish.lproj\
	                   2	h:\DeskPack18_A5\Localisation_Win\Esko\ChannelMapping.plugin\zh_CN.lproj\
	                   2	h:\DeskPack18_A5\Localisation_Win\Esko\ChannelMapping.plugin\zh_TW.lproj\
	                   1	h:\DeskPack18_A5\Localisation_Win\Esko\CHILIPlugin.plugin\
	                   2	h:\DeskPack18_A5\Localisation_Win\Esko\CHILIPlugin.plugin\English.lproj\
	                   2	h:\DeskPack18_A5\Localisation_Win\Esko\CHILIPlugin.plugin\French.lproj\
	                   2	h:\DeskPack18_A5\Localisation_Win\Esko\CHILIPlugin.plugin\German.lproj\
	                   2	h:\DeskPack18_A5\Localisation_Win\Esko\CHILIPlugin.plugin\Italian.lproj\
	                   2	h:\DeskPack18_A5\Localisation_Win\Esko\CHILIPlugin.plugin\Japanese.lproj\
	                   1	h:\DeskPack18_A5\Localisation_Win\Esko\CHILIPlugin.plugin\ko.lproj\
	                   1	h:\DeskPack18_A5\Localisation_Win\Esko\CHILIPlugin.plugin\pt_BR.lproj\
	                   1	h:\DeskPack18_A5\Localisation_Win\Esko\CHILIPlugin.plugin\ru.lproj\
	                   2	h:\DeskPack18_A5\Localisation_Win\Esko\CHILIPlugin.plugin\Spanish.lproj\
	                   2	h:\DeskPack18_A5\Localisation_Win\Esko\CHILIPlugin.plugin\zh_CN.lproj\
	                   2	h:\DeskPack18_A5\Localisation_Win\Esko\CHILIPlugin.plugin\zh_TW.lproj\
	                   0	h:\DeskPack18_A5\Localisation_Win\Esko\Collection.plugin\
	                   3	h:\DeskPack18_A5\Localisation_Win\Esko\Collection.plugin\English.lproj\
	                   3	h:\DeskPack18_A5\Localisation_Win\Esko\Collection.plugin\French.lproj\
	                   3	h:\DeskPack18_A5\Localisation_Win\Esko\Collection.plugin\German.lproj\
	                   3	h:\DeskPack18_A5\Localisation_Win\Esko\Collection.plugin\Italian.lproj\
	                   3	h:\DeskPack18_A5\Localisation_Win\Esko\Collection.plugin\Japanese.lproj\
	                   2	h:\DeskPack18_A5\Localisation_Win\Esko\Collection.plugin\ko.lproj\
	                   1	h:\DeskPack18_A5\Localisation_Win\Esko\Collection.plugin\pt_BR.lproj\
	                   1	h:\DeskPack18_A5\Localisation_Win\Esko\Collection.plugin\ru.lproj\
	                   3	h:\DeskPack18_A5\Localisation_Win\Esko\Collection.plugin\Spanish.lproj\
	                   3	h:\DeskPack18_A5\Localisation_Win\Esko\Collection.plugin\zh_CN.lproj\
	                   3	h:\DeskPack18_A5\Localisation_Win\Esko\Collection.plugin\zh_TW.lproj\
	                   4	h:\DeskPack18_A5\Localisation_Win\Esko\ColorEngine.plugin\
	                   4	h:\DeskPack18_A5\Localisation_Win\Esko\ColorEngine.plugin\English.lproj\
	                   4	h:\DeskPack18_A5\Localisation_Win\Esko\ColorEngine.plugin\French.lproj\
	                   4	h:\DeskPack18_A5\Localisation_Win\Esko\ColorEngine.plugin\German.lproj\
	                   4	h:\DeskPack18_A5\Localisation_Win\Esko\ColorEngine.plugin\Italian.lproj\
	                   4	h:\DeskPack18_A5\Localisation_Win\Esko\ColorEngine.plugin\Japanese.lproj\
	                   4	h:\DeskPack18_A5\Localisation_Win\Esko\ColorEngine.plugin\ko.lproj\
	                   1	h:\DeskPack18_A5\Localisation_Win\Esko\ColorEngine.plugin\pt_BR.lproj\
	                   1	h:\DeskPack18_A5\Localisation_Win\Esko\ColorEngine.plugin\ru.lproj\
	                   4	h:\DeskPack18_A5\Localisation_Win\Esko\ColorEngine.plugin\Spanish.lproj\
	                   2	h:\DeskPack18_A5\Localisation_Win\Esko\ColorEngine.plugin\zh-Hans.lproj\
	                   2	h:\DeskPack18_A5\Localisation_Win\Esko\ColorEngine.plugin\zh-Hant.lproj\
	                   2	h:\DeskPack18_A5\Localisation_Win\Esko\ColorEngine.plugin\zh_CN.lproj\
	                   2	h:\DeskPack18_A5\Localisation_Win\Esko\ColorEngine.plugin\zh_TW.lproj\
	                   1	h:\DeskPack18_A5\Localisation_Win\Esko\DataExchange.plugin\
	                  14	h:\DeskPack18_A5\Localisation_Win\Esko\DataExchange.plugin\English.lproj\
	                  14	h:\DeskPack18_A5\Localisation_Win\Esko\DataExchange.plugin\French.lproj\
	                  14	h:\DeskPack18_A5\Localisation_Win\Esko\DataExchange.plugin\German.lproj\
	                  14	h:\DeskPack18_A5\Localisation_Win\Esko\DataExchange.plugin\Italian.lproj\
	                  14	h:\DeskPack18_A5\Localisation_Win\Esko\DataExchange.plugin\Japanese.lproj\
	                  14	h:\DeskPack18_A5\Localisation_Win\Esko\DataExchange.plugin\ko.lproj\
	                  13	h:\DeskPack18_A5\Localisation_Win\Esko\DataExchange.plugin\pt_BR.lproj\
	                  13	h:\DeskPack18_A5\Localisation_Win\Esko\DataExchange.plugin\ru.lproj\
	                  14	h:\DeskPack18_A5\Localisation_Win\Esko\DataExchange.plugin\Spanish.lproj\
	                  14	h:\DeskPack18_A5\Localisation_Win\Esko\DataExchange.plugin\zh_CN.lproj\
	                  14	h:\DeskPack18_A5\Localisation_Win\Esko\DataExchange.plugin\zh_TW.lproj\
	                   0	h:\DeskPack18_A5\Localisation_Win\Esko\Designer.plugin\
	                   2	h:\DeskPack18_A5\Localisation_Win\Esko\Designer.plugin\English.lproj\
	                   2	h:\DeskPack18_A5\Localisation_Win\Esko\Designer.plugin\French.lproj\
	                   2	h:\DeskPack18_A5\Localisation_Win\Esko\Designer.plugin\German.lproj\
	                   2	h:\DeskPack18_A5\Localisation_Win\Esko\Designer.plugin\Italian.lproj\
	                   2	h:\DeskPack18_A5\Localisation_Win\Esko\Designer.plugin\Japanese.lproj\
	                   1	h:\DeskPack18_A5\Localisation_Win\Esko\Designer.plugin\ko.lproj\
	                   1	h:\DeskPack18_A5\Localisation_Win\Esko\Designer.plugin\pt_BR.lproj\
	                   1	h:\DeskPack18_A5\Localisation_Win\Esko\Designer.plugin\ru.lproj\
	                   2	h:\DeskPack18_A5\Localisation_Win\Esko\Designer.plugin\Spanish.lproj\
	                   2	h:\DeskPack18_A5\Localisation_Win\Esko\Designer.plugin\zh_CN.lproj\
	                   2	h:\DeskPack18_A5\Localisation_Win\Esko\Designer.plugin\zh_TW.lproj\
	                   0	h:\DeskPack18_A5\Localisation_Win\Esko\DynamicArt.plugin\
	                   2	h:\DeskPack18_A5\Localisation_Win\Esko\DynamicArt.plugin\CETDefs\
	                   3	h:\DeskPack18_A5\Localisation_Win\Esko\DynamicArt.plugin\English.lproj\
	                   3	h:\DeskPack18_A5\Localisation_Win\Esko\DynamicArt.plugin\French.lproj\
	                   3	h:\DeskPack18_A5\Localisation_Win\Esko\DynamicArt.plugin\German.lproj\
	                   3	h:\DeskPack18_A5\Localisation_Win\Esko\DynamicArt.plugin\Italian.lproj\
	                   3	h:\DeskPack18_A5\Localisation_Win\Esko\DynamicArt.plugin\Japanese.lproj\
	                   1	h:\DeskPack18_A5\Localisation_Win\Esko\DynamicArt.plugin\ko.lproj\
	                   1	h:\DeskPack18_A5\Localisation_Win\Esko\DynamicArt.plugin\pt_BR.lproj\
	                   1	h:\DeskPack18_A5\Localisation_Win\Esko\DynamicArt.plugin\ru.lproj\
	                   3	h:\DeskPack18_A5\Localisation_Win\Esko\DynamicArt.plugin\Spanish.lproj\
	                   3	h:\DeskPack18_A5\Localisation_Win\Esko\DynamicArt.plugin\zh_CN.lproj\
	                   3	h:\DeskPack18_A5\Localisation_Win\Esko\DynamicArt.plugin\zh_TW.lproj\
	                   0	h:\DeskPack18_A5\Localisation_Win\Esko\DynamicBarcodes.plugin\
	                   3	h:\DeskPack18_A5\Localisation_Win\Esko\DynamicBarcodes.plugin\English.lproj\
	                   3	h:\DeskPack18_A5\Localisation_Win\Esko\DynamicBarcodes.plugin\French.lproj\
	                   3	h:\DeskPack18_A5\Localisation_Win\Esko\DynamicBarcodes.plugin\German.lproj\
	                   3	h:\DeskPack18_A5\Localisation_Win\Esko\DynamicBarcodes.plugin\Italian.lproj\
	                   3	h:\DeskPack18_A5\Localisation_Win\Esko\DynamicBarcodes.plugin\Japanese.lproj\
	                   3	h:\DeskPack18_A5\Localisation_Win\Esko\DynamicBarcodes.plugin\ko.lproj\
	                   3	h:\DeskPack18_A5\Localisation_Win\Esko\DynamicBarcodes.plugin\pt_BR.lproj\
	                   3	h:\DeskPack18_A5\Localisation_Win\Esko\DynamicBarcodes.plugin\ru.lproj\
	                   3	h:\DeskPack18_A5\Localisation_Win\Esko\DynamicBarcodes.plugin\Spanish.lproj\
	                   3	h:\DeskPack18_A5\Localisation_Win\Esko\DynamicBarcodes.plugin\zh_CN.lproj\
	                   3	h:\DeskPack18_A5\Localisation_Win\Esko\DynamicBarcodes.plugin\zh_TW.lproj\
	                   2	h:\DeskPack18_A5\Localisation_Win\Esko\DynamicContent.plugin\
	                   3	h:\DeskPack18_A5\Localisation_Win\Esko\DynamicContent.plugin\English.lproj\
	                   3	h:\DeskPack18_A5\Localisation_Win\Esko\DynamicContent.plugin\French.lproj\
	                   3	h:\DeskPack18_A5\Localisation_Win\Esko\DynamicContent.plugin\German.lproj\
	                   3	h:\DeskPack18_A5\Localisation_Win\Esko\DynamicContent.plugin\Italian.lproj\
	                   3	h:\DeskPack18_A5\Localisation_Win\Esko\DynamicContent.plugin\Japanese.lproj\
	                   1	h:\DeskPack18_A5\Localisation_Win\Esko\DynamicContent.plugin\ko.lproj\
	                   1	h:\DeskPack18_A5\Localisation_Win\Esko\DynamicContent.plugin\pt_BR.lproj\
	                   1	h:\DeskPack18_A5\Localisation_Win\Esko\DynamicContent.plugin\ru.lproj\
	                   3	h:\DeskPack18_A5\Localisation_Win\Esko\DynamicContent.plugin\Spanish.lproj\
	                   1	h:\DeskPack18_A5\Localisation_Win\Esko\DynamicContent.plugin\Styles\
	                   3	h:\DeskPack18_A5\Localisation_Win\Esko\DynamicContent.plugin\zh_CN.lproj\
	                   3	h:\DeskPack18_A5\Localisation_Win\Esko\DynamicContent.plugin\zh_TW.lproj\
	                   1	h:\DeskPack18_A5\Localisation_Win\Esko\DynamicMarks.plugin\
	                   6	h:\DeskPack18_A5\Localisation_Win\Esko\DynamicMarks.plugin\English.lproj\
	                   6	h:\DeskPack18_A5\Localisation_Win\Esko\DynamicMarks.plugin\French.lproj\
	                   6	h:\DeskPack18_A5\Localisation_Win\Esko\DynamicMarks.plugin\German.lproj\
	                   6	h:\DeskPack18_A5\Localisation_Win\Esko\DynamicMarks.plugin\Italian.lproj\
	                   6	h:\DeskPack18_A5\Localisation_Win\Esko\DynamicMarks.plugin\Japanese.lproj\
	                   6	h:\DeskPack18_A5\Localisation_Win\Esko\DynamicMarks.plugin\ko.lproj\
	                   9	h:\DeskPack18_A5\Localisation_Win\Esko\DynamicMarks.plugin\MarkSets\
	                   6	h:\DeskPack18_A5\Localisation_Win\Esko\DynamicMarks.plugin\pt_BR.lproj\
	                   6	h:\DeskPack18_A5\Localisation_Win\Esko\DynamicMarks.plugin\ru.lproj\
	                   6	h:\DeskPack18_A5\Localisation_Win\Esko\DynamicMarks.plugin\Spanish.lproj\
	                   2	h:\DeskPack18_A5\Localisation_Win\Esko\DynamicMarks.plugin\SymbolLibrary\
	                   6	h:\DeskPack18_A5\Localisation_Win\Esko\DynamicMarks.plugin\zh_CN.lproj\
	                   6	h:\DeskPack18_A5\Localisation_Win\Esko\DynamicMarks.plugin\zh_TW.lproj\
	                   0	h:\DeskPack18_A5\Localisation_Win\Esko\DynamicPanels.plugin\
	                   3	h:\DeskPack18_A5\Localisation_Win\Esko\DynamicPanels.plugin\English.lproj\
	                   3	h:\DeskPack18_A5\Localisation_Win\Esko\DynamicPanels.plugin\French.lproj\
	                   3	h:\DeskPack18_A5\Localisation_Win\Esko\DynamicPanels.plugin\German.lproj\
	                   3	h:\DeskPack18_A5\Localisation_Win\Esko\DynamicPanels.plugin\Italian.lproj\
	                   3	h:\DeskPack18_A5\Localisation_Win\Esko\DynamicPanels.plugin\Japanese.lproj\
	                   2	h:\DeskPack18_A5\Localisation_Win\Esko\DynamicPanels.plugin\ko.lproj\
	                   2	h:\DeskPack18_A5\Localisation_Win\Esko\DynamicPanels.plugin\pt_BR.lproj\
	                   2	h:\DeskPack18_A5\Localisation_Win\Esko\DynamicPanels.plugin\ru.lproj\
	                   3	h:\DeskPack18_A5\Localisation_Win\Esko\DynamicPanels.plugin\Spanish.lproj\
	                   3	h:\DeskPack18_A5\Localisation_Win\Esko\DynamicPanels.plugin\zh_CN.lproj\
	                   3	h:\DeskPack18_A5\Localisation_Win\Esko\DynamicPanels.plugin\zh_TW.lproj\
	                   0	h:\DeskPack18_A5\Localisation_Win\Esko\DynamicTables.plugin\
	                   2	h:\DeskPack18_A5\Localisation_Win\Esko\DynamicTables.plugin\English.lproj\
	                   2	h:\DeskPack18_A5\Localisation_Win\Esko\DynamicTables.plugin\French.lproj\
	                   2	h:\DeskPack18_A5\Localisation_Win\Esko\DynamicTables.plugin\German.lproj\
	                   2	h:\DeskPack18_A5\Localisation_Win\Esko\DynamicTables.plugin\Italian.lproj\
	                   2	h:\DeskPack18_A5\Localisation_Win\Esko\DynamicTables.plugin\Japanese.lproj\
	                   2	h:\DeskPack18_A5\Localisation_Win\Esko\DynamicTables.plugin\ko.lproj\
	                   1	h:\DeskPack18_A5\Localisation_Win\Esko\DynamicTables.plugin\pt_BR.lproj\
	                   1	h:\DeskPack18_A5\Localisation_Win\Esko\DynamicTables.plugin\ru.lproj\
	                   2	h:\DeskPack18_A5\Localisation_Win\Esko\DynamicTables.plugin\Spanish.lproj\
	                 167	h:\DeskPack18_A5\Localisation_Win\Esko\DynamicTables.plugin\TableLayouts\
	                   2	h:\DeskPack18_A5\Localisation_Win\Esko\DynamicTables.plugin\TableRecognition\
	                   2	h:\DeskPack18_A5\Localisation_Win\Esko\DynamicTables.plugin\zh_CN.lproj\
	                   2	h:\DeskPack18_A5\Localisation_Win\Esko\DynamicTables.plugin\zh_TW.lproj\
	                   0	h:\DeskPack18_A5\Localisation_Win\Esko\DynamicVDP.plugin\
	                   3	h:\DeskPack18_A5\Localisation_Win\Esko\DynamicVDP.plugin\English.lproj\
	                   3	h:\DeskPack18_A5\Localisation_Win\Esko\DynamicVDP.plugin\French.lproj\
	                   3	h:\DeskPack18_A5\Localisation_Win\Esko\DynamicVDP.plugin\German.lproj\
	                   3	h:\DeskPack18_A5\Localisation_Win\Esko\DynamicVDP.plugin\Italian.lproj\
	                   3	h:\DeskPack18_A5\Localisation_Win\Esko\DynamicVDP.plugin\Japanese.lproj\
	                   3	h:\DeskPack18_A5\Localisation_Win\Esko\DynamicVDP.plugin\ko.lproj\
	                   3	h:\DeskPack18_A5\Localisation_Win\Esko\DynamicVDP.plugin\pt_BR.lproj\
	                   3	h:\DeskPack18_A5\Localisation_Win\Esko\DynamicVDP.plugin\ru.lproj\
	                   3	h:\DeskPack18_A5\Localisation_Win\Esko\DynamicVDP.plugin\Spanish.lproj\
	                   3	h:\DeskPack18_A5\Localisation_Win\Esko\DynamicVDP.plugin\zh_CN.lproj\
	                   3	h:\DeskPack18_A5\Localisation_Win\Esko\DynamicVDP.plugin\zh_TW.lproj\
	                   0	h:\DeskPack18_A5\Localisation_Win\Esko\ImageExtractor.plugin\
	                   2	h:\DeskPack18_A5\Localisation_Win\Esko\ImageExtractor.plugin\English.lproj\
	                   2	h:\DeskPack18_A5\Localisation_Win\Esko\ImageExtractor.plugin\French.lproj\
	                   2	h:\DeskPack18_A5\Localisation_Win\Esko\ImageExtractor.plugin\German.lproj\
	                   2	h:\DeskPack18_A5\Localisation_Win\Esko\ImageExtractor.plugin\Italian.lproj\
	                   2	h:\DeskPack18_A5\Localisation_Win\Esko\ImageExtractor.plugin\Japanese.lproj\
	                   2	h:\DeskPack18_A5\Localisation_Win\Esko\ImageExtractor.plugin\ko.lproj\
	                   1	h:\DeskPack18_A5\Localisation_Win\Esko\ImageExtractor.plugin\pt_BR.lproj\
	                   1	h:\DeskPack18_A5\Localisation_Win\Esko\ImageExtractor.plugin\ru.lproj\
	                   2	h:\DeskPack18_A5\Localisation_Win\Esko\ImageExtractor.plugin\Spanish.lproj\
	                   2	h:\DeskPack18_A5\Localisation_Win\Esko\ImageExtractor.plugin\zh_CN.lproj\
	                   2	h:\DeskPack18_A5\Localisation_Win\Esko\ImageExtractor.plugin\zh_TW.lproj\
	                   0	h:\DeskPack18_A5\Localisation_Win\Esko\itrap.plugin\
	                   4	h:\DeskPack18_A5\Localisation_Win\Esko\itrap.plugin\English.lproj\
	                   4	h:\DeskPack18_A5\Localisation_Win\Esko\itrap.plugin\French.lproj\
	                   4	h:\DeskPack18_A5\Localisation_Win\Esko\itrap.plugin\German.lproj\
	                   4	h:\DeskPack18_A5\Localisation_Win\Esko\itrap.plugin\Italian.lproj\
	                   4	h:\DeskPack18_A5\Localisation_Win\Esko\itrap.plugin\Japanese.lproj\
	                   4	h:\DeskPack18_A5\Localisation_Win\Esko\itrap.plugin\ko.lproj\
	                   1	h:\DeskPack18_A5\Localisation_Win\Esko\itrap.plugin\pt_BR.lproj\
	                   1	h:\DeskPack18_A5\Localisation_Win\Esko\itrap.plugin\ru.lproj\
	                   4	h:\DeskPack18_A5\Localisation_Win\Esko\itrap.plugin\Spanish.lproj\
	                   4	h:\DeskPack18_A5\Localisation_Win\Esko\itrap.plugin\zh_CN.lproj\
	                   4	h:\DeskPack18_A5\Localisation_Win\Esko\itrap.plugin\zh_TW.lproj\
	                   2	h:\DeskPack18_A5\Localisation_Win\Esko\LicenseSetup.plugin\
	                   1	h:\DeskPack18_A5\Localisation_Win\Esko\LicenseSetup.plugin\AI22\
	  *EXTRA File 		   8.6 m	Licensing108_libFNP.dll
	                   1	h:\DeskPack18_A5\Localisation_Win\Esko\LicenseSetup.plugin\AI23\
	  *EXTRA File 		   8.6 m	Licensing108_libFNP.dll
	                   1	h:\DeskPack18_A5\Localisation_Win\Esko\LicenseSetup.plugin\AI24\
	  *EXTRA File 		   8.6 m	Licensing108_libFNP.dll
	                   3	h:\DeskPack18_A5\Localisation_Win\Esko\LicenseSetup.plugin\Brands\
	                   2	h:\DeskPack18_A5\Localisation_Win\Esko\LicenseSetup.plugin\English.lproj\
	                   2	h:\DeskPack18_A5\Localisation_Win\Esko\LicenseSetup.plugin\French.lproj\
	                   2	h:\DeskPack18_A5\Localisation_Win\Esko\LicenseSetup.plugin\German.lproj\
	                   2	h:\DeskPack18_A5\Localisation_Win\Esko\LicenseSetup.plugin\Italian.lproj\
	                   2	h:\DeskPack18_A5\Localisation_Win\Esko\LicenseSetup.plugin\Japanese.lproj\
	                   2	h:\DeskPack18_A5\Localisation_Win\Esko\LicenseSetup.plugin\ko.lproj\
	                   1	h:\DeskPack18_A5\Localisation_Win\Esko\LicenseSetup.plugin\Products\
	                   2	h:\DeskPack18_A5\Localisation_Win\Esko\LicenseSetup.plugin\pt_BR.lproj\
	                   2	h:\DeskPack18_A5\Localisation_Win\Esko\LicenseSetup.plugin\ru.lproj\
	                   2	h:\DeskPack18_A5\Localisation_Win\Esko\LicenseSetup.plugin\Spanish.lproj\
	                   2	h:\DeskPack18_A5\Localisation_Win\Esko\LicenseSetup.plugin\zh_CN.lproj\
	                   2	h:\DeskPack18_A5\Localisation_Win\Esko\LicenseSetup.plugin\zh_TW.lproj\
	                   0	h:\DeskPack18_A5\Localisation_Win\Esko\NDLKernelPlugin.plugin\
	                 258	h:\DeskPack18_A5\Localisation_Win\Esko\NDLKernelPlugin.plugin\CMap\
	                   9	h:\DeskPack18_A5\Localisation_Win\Esko\NDLKernelPlugin.plugin\Default_Colorprofiles\
	                   7	h:\DeskPack18_A5\Localisation_Win\Esko\NDLKernelPlugin.plugin\English.lproj\
	                  18	h:\DeskPack18_A5\Localisation_Win\Esko\NDLKernelPlugin.plugin\FontMetrics\
	                   7	h:\DeskPack18_A5\Localisation_Win\Esko\NDLKernelPlugin.plugin\French.lproj\
	                   7	h:\DeskPack18_A5\Localisation_Win\Esko\NDLKernelPlugin.plugin\German.lproj\
	                  12	h:\DeskPack18_A5\Localisation_Win\Esko\NDLKernelPlugin.plugin\ICC\
	                   8	h:\DeskPack18_A5\Localisation_Win\Esko\NDLKernelPlugin.plugin\ICC\ECI\
	                  14	h:\DeskPack18_A5\Localisation_Win\Esko\NDLKernelPlugin.plugin\ICC\IDEAlliance\
	                  23	h:\DeskPack18_A5\Localisation_Win\Esko\NDLKernelPlugin.plugin\ICC\WAN-IFRA\
	                   7	h:\DeskPack18_A5\Localisation_Win\Esko\NDLKernelPlugin.plugin\Italian.lproj\
	                   7	h:\DeskPack18_A5\Localisation_Win\Esko\NDLKernelPlugin.plugin\Japanese.lproj\
	                   4	h:\DeskPack18_A5\Localisation_Win\Esko\NDLKernelPlugin.plugin\ko.lproj\
	                   5	h:\DeskPack18_A5\Localisation_Win\Esko\NDLKernelPlugin.plugin\pt_BR.lproj\
	                   5	h:\DeskPack18_A5\Localisation_Win\Esko\NDLKernelPlugin.plugin\ru.lproj\
	                   2	h:\DeskPack18_A5\Localisation_Win\Esko\NDLKernelPlugin.plugin\Signatures\
	                   7	h:\DeskPack18_A5\Localisation_Win\Esko\NDLKernelPlugin.plugin\Spanish.lproj\
	                   1	h:\DeskPack18_A5\Localisation_Win\Esko\NDLKernelPlugin.plugin\xml\
	                   3	h:\DeskPack18_A5\Localisation_Win\Esko\NDLKernelPlugin.plugin\zh-Hans.lproj\
	                   3	h:\DeskPack18_A5\Localisation_Win\Esko\NDLKernelPlugin.plugin\zh-Hant.lproj\
	                   4	h:\DeskPack18_A5\Localisation_Win\Esko\NDLKernelPlugin.plugin\zh_CN.lproj\
	                   4	h:\DeskPack18_A5\Localisation_Win\Esko\NDLKernelPlugin.plugin\zh_TW.lproj\
	                   0	h:\DeskPack18_A5\Localisation_Win\Esko\PDFImport.plugin\
	                   3	h:\DeskPack18_A5\Localisation_Win\Esko\PDFImport.plugin\English.lproj\
	                   3	h:\DeskPack18_A5\Localisation_Win\Esko\PDFImport.plugin\French.lproj\
	                   3	h:\DeskPack18_A5\Localisation_Win\Esko\PDFImport.plugin\German.lproj\
	                   3	h:\DeskPack18_A5\Localisation_Win\Esko\PDFImport.plugin\Italian.lproj\
	                   3	h:\DeskPack18_A5\Localisation_Win\Esko\PDFImport.plugin\Japanese.lproj\
	                   3	h:\DeskPack18_A5\Localisation_Win\Esko\PDFImport.plugin\ko.lproj\
	                   3	h:\DeskPack18_A5\Localisation_Win\Esko\PDFImport.plugin\pt_BR.lproj\
	                   3	h:\DeskPack18_A5\Localisation_Win\Esko\PDFImport.plugin\ru.lproj\
	                   3	h:\DeskPack18_A5\Localisation_Win\Esko\PDFImport.plugin\Spanish.lproj\
	                   3	h:\DeskPack18_A5\Localisation_Win\Esko\PDFImport.plugin\zh_CN.lproj\
	                   3	h:\DeskPack18_A5\Localisation_Win\Esko\PDFImport.plugin\zh_TW.lproj\
	                   0	h:\DeskPack18_A5\Localisation_Win\Esko\PitStop.plugin\
	                   2	h:\DeskPack18_A5\Localisation_Win\Esko\PitStop.plugin\English.lproj\
	                   2	h:\DeskPack18_A5\Localisation_Win\Esko\PitStop.plugin\French.lproj\
	                   2	h:\DeskPack18_A5\Localisation_Win\Esko\PitStop.plugin\German.lproj\
	                   2	h:\DeskPack18_A5\Localisation_Win\Esko\PitStop.plugin\Italian.lproj\
	                   2	h:\DeskPack18_A5\Localisation_Win\Esko\PitStop.plugin\Japanese.lproj\
	                   2	h:\DeskPack18_A5\Localisation_Win\Esko\PitStop.plugin\ko.lproj\
	                   1	h:\DeskPack18_A5\Localisation_Win\Esko\PitStop.plugin\pt_BR.lproj\
	                   2	h:\DeskPack18_A5\Localisation_Win\Esko\PitStop.plugin\Resources\
	                   0	h:\DeskPack18_A5\Localisation_Win\Esko\PitStop.plugin\Resources\Action Lists\
	                  22	h:\DeskPack18_A5\Localisation_Win\Esko\PitStop.plugin\Resources\Action Lists\Add\
	                   3	h:\DeskPack18_A5\Localisation_Win\Esko\PitStop.plugin\Resources\Action Lists\Barcode\
	                   9	h:\DeskPack18_A5\Localisation_Win\Esko\PitStop.plugin\Resources\Action Lists\Barcode\Absolute Width Reduction\
	                   9	h:\DeskPack18_A5\Localisation_Win\Esko\PitStop.plugin\Resources\Action Lists\Barcode\Relative Width Reduction\
	                  29	h:\DeskPack18_A5\Localisation_Win\Esko\PitStop.plugin\Resources\Action Lists\Color\
	                   0	h:\DeskPack18_A5\Localisation_Win\Esko\PitStop.plugin\Resources\Action Lists\DeviceLinks\
	                   6	h:\DeskPack18_A5\Localisation_Win\Esko\PitStop.plugin\Resources\Action Lists\DeviceLinks\Third-Party\
	                  15	h:\DeskPack18_A5\Localisation_Win\Esko\PitStop.plugin\Resources\Action Lists\Esko Packaging\
	                   1	h:\DeskPack18_A5\Localisation_Win\Esko\PitStop.plugin\Resources\Action Lists\Examples\
	                   5	h:\DeskPack18_A5\Localisation_Win\Esko\PitStop.plugin\Resources\Action Lists\Fonts\
	                   8	h:\DeskPack18_A5\Localisation_Win\Esko\PitStop.plugin\Resources\Action Lists\Image\
	                  15	h:\DeskPack18_A5\Localisation_Win\Esko\PitStop.plugin\Resources\Action Lists\ISO 19593-1 - Processing Steps\
	                   5	h:\DeskPack18_A5\Localisation_Win\Esko\PitStop.plugin\Resources\Action Lists\Large or Grand Format\
	                  12	h:\DeskPack18_A5\Localisation_Win\Esko\PitStop.plugin\Resources\Action Lists\Layers\
	                   4	h:\DeskPack18_A5\Localisation_Win\Esko\PitStop.plugin\Resources\Action Lists\Packaging\
	                  28	h:\DeskPack18_A5\Localisation_Win\Esko\PitStop.plugin\Resources\Action Lists\Page\
	                  12	h:\DeskPack18_A5\Localisation_Win\Esko\PitStop.plugin\Resources\Action Lists\Pantone\
	                   5	h:\DeskPack18_A5\Localisation_Win\Esko\PitStop.plugin\Resources\Action Lists\Preflight - Additional Checks\
	                  19	h:\DeskPack18_A5\Localisation_Win\Esko\PitStop.plugin\Resources\Action Lists\Prepress\
	                   9	h:\DeskPack18_A5\Localisation_Win\Esko\PitStop.plugin\Resources\Action Lists\Re-arrange Printers Pairs\
	                  38	h:\DeskPack18_A5\Localisation_Win\Esko\PitStop.plugin\Resources\Action Lists\Repurposing\
	                  26	h:\DeskPack18_A5\Localisation_Win\Esko\PitStop.plugin\Resources\Action Lists\Restricting Action Lists\
	                   1	h:\DeskPack18_A5\Localisation_Win\Esko\PitStop.plugin\Resources\Action Lists\Smart Preflight\
	                   1	h:\DeskPack18_A5\Localisation_Win\Esko\PitStop.plugin\Resources\AlternateFonts\
	                 185	h:\DeskPack18_A5\Localisation_Win\Esko\PitStop.plugin\Resources\Artwork\
	                 258	h:\DeskPack18_A5\Localisation_Win\Esko\PitStop.plugin\Resources\CMap\
	                  14	h:\DeskPack18_A5\Localisation_Win\Esko\PitStop.plugin\Resources\FontMetrics\
	                   7	h:\DeskPack18_A5\Localisation_Win\Esko\PitStop.plugin\Resources\ICC\
	                   8	h:\DeskPack18_A5\Localisation_Win\Esko\PitStop.plugin\Resources\ICC\ECI\
	                  14	h:\DeskPack18_A5\Localisation_Win\Esko\PitStop.plugin\Resources\ICC\IDEAlliance\
	                  23	h:\DeskPack18_A5\Localisation_Win\Esko\PitStop.plugin\Resources\ICC\WAN-IFRA\
	                   8	h:\DeskPack18_A5\Localisation_Win\Esko\PitStop.plugin\Resources\legal\
	                  14	h:\DeskPack18_A5\Localisation_Win\Esko\PitStop.plugin\Resources\Lng\
	                   4	h:\DeskPack18_A5\Localisation_Win\Esko\PitStop.plugin\Resources\PDF Profiles\
	                   0	h:\DeskPack18_A5\Localisation_Win\Esko\PitStop.plugin\Resources\ReportTemplates\
	                   0	h:\DeskPack18_A5\Localisation_Win\Esko\PitStop.plugin\Resources\ReportTemplates\PitStopLibrary\
	                   2	h:\DeskPack18_A5\Localisation_Win\Esko\PitStop.plugin\Resources\ReportTemplates\PitStopLibrary\Default\
	                   1	h:\DeskPack18_A5\Localisation_Win\Esko\PitStop.plugin\Resources\xml\
	                   1	h:\DeskPack18_A5\Localisation_Win\Esko\PitStop.plugin\ru.lproj\
	                   2	h:\DeskPack18_A5\Localisation_Win\Esko\PitStop.plugin\Spanish.lproj\
	                   2	h:\DeskPack18_A5\Localisation_Win\Esko\PitStop.plugin\zh_CN.lproj\
	                   2	h:\DeskPack18_A5\Localisation_Win\Esko\PitStop.plugin\zh_TW.lproj\
	                   0	h:\DeskPack18_A5\Localisation_Win\Esko\PowerLayout.plugin\
	                   3	h:\DeskPack18_A5\Localisation_Win\Esko\PowerLayout.plugin\English.lproj\
	                   3	h:\DeskPack18_A5\Localisation_Win\Esko\PowerLayout.plugin\French.lproj\
	                   3	h:\DeskPack18_A5\Localisation_Win\Esko\PowerLayout.plugin\German.lproj\
	                   3	h:\DeskPack18_A5\Localisation_Win\Esko\PowerLayout.plugin\Italian.lproj\
	                   3	h:\DeskPack18_A5\Localisation_Win\Esko\PowerLayout.plugin\Japanese.lproj\
	                   2	h:\DeskPack18_A5\Localisation_Win\Esko\PowerLayout.plugin\ko.lproj\
	                   1	h:\DeskPack18_A5\Localisation_Win\Esko\PowerLayout.plugin\pt_BR.lproj\
	                   1	h:\DeskPack18_A5\Localisation_Win\Esko\PowerLayout.plugin\ru.lproj\
	                   3	h:\DeskPack18_A5\Localisation_Win\Esko\PowerLayout.plugin\Spanish.lproj\
	                   3	h:\DeskPack18_A5\Localisation_Win\Esko\PowerLayout.plugin\zh_CN.lproj\
	                   3	h:\DeskPack18_A5\Localisation_Win\Esko\PowerLayout.plugin\zh_TW.lproj\
	                   0	h:\DeskPack18_A5\Localisation_Win\Esko\PowerLayoutStandalone.plugin\
	                   3	h:\DeskPack18_A5\Localisation_Win\Esko\PowerLayoutStandalone.plugin\English.lproj\
	                   3	h:\DeskPack18_A5\Localisation_Win\Esko\PowerLayoutStandalone.plugin\French.lproj\
	                   3	h:\DeskPack18_A5\Localisation_Win\Esko\PowerLayoutStandalone.plugin\German.lproj\
	                   3	h:\DeskPack18_A5\Localisation_Win\Esko\PowerLayoutStandalone.plugin\Italian.lproj\
	                   3	h:\DeskPack18_A5\Localisation_Win\Esko\PowerLayoutStandalone.plugin\Japanese.lproj\
	                   3	h:\DeskPack18_A5\Localisation_Win\Esko\PowerLayoutStandalone.plugin\ko.lproj\
	                   3	h:\DeskPack18_A5\Localisation_Win\Esko\PowerLayoutStandalone.plugin\pt_BR.lproj\
	                   3	h:\DeskPack18_A5\Localisation_Win\Esko\PowerLayoutStandalone.plugin\ru.lproj\
	                   3	h:\DeskPack18_A5\Localisation_Win\Esko\PowerLayoutStandalone.plugin\Spanish.lproj\
	                   3	h:\DeskPack18_A5\Localisation_Win\Esko\PowerLayoutStandalone.plugin\zh_CN.lproj\
	                   3	h:\DeskPack18_A5\Localisation_Win\Esko\PowerLayoutStandalone.plugin\zh_TW.lproj\
	                 106	h:\DeskPack18_A5\Localisation_Win\Esko\PowerTrapper.plugin\
	                   8	h:\DeskPack18_A5\Localisation_Win\Esko\PowerTrapper.plugin\English.lproj\
	                   8	h:\DeskPack18_A5\Localisation_Win\Esko\PowerTrapper.plugin\French.lproj\
	                   8	h:\DeskPack18_A5\Localisation_Win\Esko\PowerTrapper.plugin\German.lproj\
	                   8	h:\DeskPack18_A5\Localisation_Win\Esko\PowerTrapper.plugin\Italian.lproj\
	                   8	h:\DeskPack18_A5\Localisation_Win\Esko\PowerTrapper.plugin\Japanese.lproj\
	                   7	h:\DeskPack18_A5\Localisation_Win\Esko\PowerTrapper.plugin\ko.lproj\
	                   3	h:\DeskPack18_A5\Localisation_Win\Esko\PowerTrapper.plugin\pt_BR.lproj\
	                   3	h:\DeskPack18_A5\Localisation_Win\Esko\PowerTrapper.plugin\ru.lproj\
	                   8	h:\DeskPack18_A5\Localisation_Win\Esko\PowerTrapper.plugin\Spanish.lproj\
	                   6	h:\DeskPack18_A5\Localisation_Win\Esko\PowerTrapper.plugin\TrapTickets\
	                   3	h:\DeskPack18_A5\Localisation_Win\Esko\PowerTrapper.plugin\zh-Hans.lproj\
	                   3	h:\DeskPack18_A5\Localisation_Win\Esko\PowerTrapper.plugin\zh-Hant.lproj\
	                   5	h:\DeskPack18_A5\Localisation_Win\Esko\PowerTrapper.plugin\zh_CN.lproj\
	                   5	h:\DeskPack18_A5\Localisation_Win\Esko\PowerTrapper.plugin\zh_TW.lproj\
	                   0	h:\DeskPack18_A5\Localisation_Win\Esko\Preflight.plugin\
	                   8	h:\DeskPack18_A5\Localisation_Win\Esko\Preflight.plugin\English.lproj\
	                   8	h:\DeskPack18_A5\Localisation_Win\Esko\Preflight.plugin\French.lproj\
	                   8	h:\DeskPack18_A5\Localisation_Win\Esko\Preflight.plugin\German.lproj\
	                   8	h:\DeskPack18_A5\Localisation_Win\Esko\Preflight.plugin\Italian.lproj\
	                   8	h:\DeskPack18_A5\Localisation_Win\Esko\Preflight.plugin\Japanese.lproj\
	                   8	h:\DeskPack18_A5\Localisation_Win\Esko\Preflight.plugin\ko.lproj\
	                   1	h:\DeskPack18_A5\Localisation_Win\Esko\Preflight.plugin\pt_BR.lproj\
	                   1	h:\DeskPack18_A5\Localisation_Win\Esko\Preflight.plugin\ru.lproj\
	                   8	h:\DeskPack18_A5\Localisation_Win\Esko\Preflight.plugin\Spanish.lproj\
	                   8	h:\DeskPack18_A5\Localisation_Win\Esko\Preflight.plugin\zh_CN.lproj\
	                   8	h:\DeskPack18_A5\Localisation_Win\Esko\Preflight.plugin\zh_TW.lproj\
	                   0	h:\DeskPack18_A5\Localisation_Win\Esko\Screening.plugin\
	                   2	h:\DeskPack18_A5\Localisation_Win\Esko\Screening.plugin\English.lproj\
	                   2	h:\DeskPack18_A5\Localisation_Win\Esko\Screening.plugin\French.lproj\
	                   2	h:\DeskPack18_A5\Localisation_Win\Esko\Screening.plugin\German.lproj\
	                   2	h:\DeskPack18_A5\Localisation_Win\Esko\Screening.plugin\Italian.lproj\
	                   2	h:\DeskPack18_A5\Localisation_Win\Esko\Screening.plugin\Japanese.lproj\
	                   2	h:\DeskPack18_A5\Localisation_Win\Esko\Screening.plugin\ko.lproj\
	                   1	h:\DeskPack18_A5\Localisation_Win\Esko\Screening.plugin\pt_BR.lproj\
	                   1	h:\DeskPack18_A5\Localisation_Win\Esko\Screening.plugin\ru.lproj\
	                   2	h:\DeskPack18_A5\Localisation_Win\Esko\Screening.plugin\Spanish.lproj\
	                   2	h:\DeskPack18_A5\Localisation_Win\Esko\Screening.plugin\zh_CN.lproj\
	                   2	h:\DeskPack18_A5\Localisation_Win\Esko\Screening.plugin\zh_TW.lproj\
	                   0	h:\DeskPack18_A5\Localisation_Win\Esko\SeamlessRepeat.plugin\
	                   2	h:\DeskPack18_A5\Localisation_Win\Esko\SeamlessRepeat.plugin\English.lproj\
	                   2	h:\DeskPack18_A5\Localisation_Win\Esko\SeamlessRepeat.plugin\French.lproj\
	                   2	h:\DeskPack18_A5\Localisation_Win\Esko\SeamlessRepeat.plugin\German.lproj\
	                   2	h:\DeskPack18_A5\Localisation_Win\Esko\SeamlessRepeat.plugin\Italian.lproj\
	                   2	h:\DeskPack18_A5\Localisation_Win\Esko\SeamlessRepeat.plugin\Japanese.lproj\
	                   2	h:\DeskPack18_A5\Localisation_Win\Esko\SeamlessRepeat.plugin\ko.lproj\
	                   1	h:\DeskPack18_A5\Localisation_Win\Esko\SeamlessRepeat.plugin\pt_BR.lproj\
	                   1	h:\DeskPack18_A5\Localisation_Win\Esko\SeamlessRepeat.plugin\ru.lproj\
	                   2	h:\DeskPack18_A5\Localisation_Win\Esko\SeamlessRepeat.plugin\Spanish.lproj\
	                   2	h:\DeskPack18_A5\Localisation_Win\Esko\SeamlessRepeat.plugin\zh_CN.lproj\
	                   2	h:\DeskPack18_A5\Localisation_Win\Esko\SeamlessRepeat.plugin\zh_TW.lproj\
	                   0	h:\DeskPack18_A5\Localisation_Win\Esko\SelectByAttributes.plugin\
	                   2	h:\DeskPack18_A5\Localisation_Win\Esko\SelectByAttributes.plugin\English.lproj\
	                   2	h:\DeskPack18_A5\Localisation_Win\Esko\SelectByAttributes.plugin\French.lproj\
	                   2	h:\DeskPack18_A5\Localisation_Win\Esko\SelectByAttributes.plugin\German.lproj\
	                   2	h:\DeskPack18_A5\Localisation_Win\Esko\SelectByAttributes.plugin\Italian.lproj\
	                   2	h:\DeskPack18_A5\Localisation_Win\Esko\SelectByAttributes.plugin\Japanese.lproj\
	                   2	h:\DeskPack18_A5\Localisation_Win\Esko\SelectByAttributes.plugin\ko.lproj\
	                   1	h:\DeskPack18_A5\Localisation_Win\Esko\SelectByAttributes.plugin\pt_BR.lproj\
	                   1	h:\DeskPack18_A5\Localisation_Win\Esko\SelectByAttributes.plugin\ru.lproj\
	                   2	h:\DeskPack18_A5\Localisation_Win\Esko\SelectByAttributes.plugin\Spanish.lproj\
	                   2	h:\DeskPack18_A5\Localisation_Win\Esko\SelectByAttributes.plugin\zh_CN.lproj\
	                   2	h:\DeskPack18_A5\Localisation_Win\Esko\SelectByAttributes.plugin\zh_TW.lproj\
	                 210	h:\DeskPack18_A5\Localisation_Win\Esko\Shuttle.plugin\
	                   7	h:\DeskPack18_A5\Localisation_Win\Esko\Shuttle.plugin\English.lproj\
	                   6	h:\DeskPack18_A5\Localisation_Win\Esko\Shuttle.plugin\French.lproj\
	                   6	h:\DeskPack18_A5\Localisation_Win\Esko\Shuttle.plugin\German.lproj\
	                   6	h:\DeskPack18_A5\Localisation_Win\Esko\Shuttle.plugin\Italian.lproj\
	                   6	h:\DeskPack18_A5\Localisation_Win\Esko\Shuttle.plugin\Japanese.lproj\
	                   6	h:\DeskPack18_A5\Localisation_Win\Esko\Shuttle.plugin\ko.lproj\
	                   2	h:\DeskPack18_A5\Localisation_Win\Esko\Shuttle.plugin\pt_BR.lproj\
	                   2	h:\DeskPack18_A5\Localisation_Win\Esko\Shuttle.plugin\ru.lproj\
	                   6	h:\DeskPack18_A5\Localisation_Win\Esko\Shuttle.plugin\Spanish.lproj\
	                   5	h:\DeskPack18_A5\Localisation_Win\Esko\Shuttle.plugin\zh-Hans.lproj\
	                   5	h:\DeskPack18_A5\Localisation_Win\Esko\Shuttle.plugin\zh-Hant.lproj\
	                   2	h:\DeskPack18_A5\Localisation_Win\Esko\Shuttle.plugin\zh_CN.lproj\
	                   2	h:\DeskPack18_A5\Localisation_Win\Esko\Shuttle.plugin\zh_TW.lproj\
	                   0	h:\DeskPack18_A5\Localisation_Win\Esko\StudioToolkitForBoxes.plugin\
	                   2	h:\DeskPack18_A5\Localisation_Win\Esko\StudioToolkitForBoxes.plugin\English.lproj\
	                   2	h:\DeskPack18_A5\Localisation_Win\Esko\StudioToolkitForBoxes.plugin\French.lproj\
	                   2	h:\DeskPack18_A5\Localisation_Win\Esko\StudioToolkitForBoxes.plugin\German.lproj\
	                   2	h:\DeskPack18_A5\Localisation_Win\Esko\StudioToolkitForBoxes.plugin\Italian.lproj\
	                   2	h:\DeskPack18_A5\Localisation_Win\Esko\StudioToolkitForBoxes.plugin\Japanese.lproj\
	                   1	h:\DeskPack18_A5\Localisation_Win\Esko\StudioToolkitForBoxes.plugin\ko.lproj\
	                   1	h:\DeskPack18_A5\Localisation_Win\Esko\StudioToolkitForBoxes.plugin\pt_BR.lproj\
	                   1	h:\DeskPack18_A5\Localisation_Win\Esko\StudioToolkitForBoxes.plugin\ru.lproj\
	                   2	h:\DeskPack18_A5\Localisation_Win\Esko\StudioToolkitForBoxes.plugin\Spanish.lproj\
	                   2	h:\DeskPack18_A5\Localisation_Win\Esko\StudioToolkitForBoxes.plugin\zh_CN.lproj\
	                   2	h:\DeskPack18_A5\Localisation_Win\Esko\StudioToolkitForBoxes.plugin\zh_TW.lproj\
	                   0	h:\DeskPack18_A5\Localisation_Win\Esko\StudioToolkitForLabels.plugin\
	                   2	h:\DeskPack18_A5\Localisation_Win\Esko\StudioToolkitForLabels.plugin\English.lproj\
	                   2	h:\DeskPack18_A5\Localisation_Win\Esko\StudioToolkitForLabels.plugin\French.lproj\
	                   2	h:\DeskPack18_A5\Localisation_Win\Esko\StudioToolkitForLabels.plugin\German.lproj\
	                   2	h:\DeskPack18_A5\Localisation_Win\Esko\StudioToolkitForLabels.plugin\Italian.lproj\
	                   2	h:\DeskPack18_A5\Localisation_Win\Esko\StudioToolkitForLabels.plugin\Japanese.lproj\
	                   1	h:\DeskPack18_A5\Localisation_Win\Esko\StudioToolkitForLabels.plugin\ko.lproj\
	                   1	h:\DeskPack18_A5\Localisation_Win\Esko\StudioToolkitForLabels.plugin\pt_BR.lproj\
	                   1	h:\DeskPack18_A5\Localisation_Win\Esko\StudioToolkitForLabels.plugin\ru.lproj\
	                   2	h:\DeskPack18_A5\Localisation_Win\Esko\StudioToolkitForLabels.plugin\Spanish.lproj\
	                   2	h:\DeskPack18_A5\Localisation_Win\Esko\StudioToolkitForLabels.plugin\zh_CN.lproj\
	                   2	h:\DeskPack18_A5\Localisation_Win\Esko\StudioToolkitForLabels.plugin\zh_TW.lproj\
	                   0	h:\DeskPack18_A5\Localisation_Win\Esko\StudioToolkitForShrinkSleeves.plugin\
	                   2	h:\DeskPack18_A5\Localisation_Win\Esko\StudioToolkitForShrinkSleeves.plugin\English.lproj\
	                   2	h:\DeskPack18_A5\Localisation_Win\Esko\StudioToolkitForShrinkSleeves.plugin\French.lproj\
	                   2	h:\DeskPack18_A5\Localisation_Win\Esko\StudioToolkitForShrinkSleeves.plugin\German.lproj\
	                   2	h:\DeskPack18_A5\Localisation_Win\Esko\StudioToolkitForShrinkSleeves.plugin\Italian.lproj\
	                   2	h:\DeskPack18_A5\Localisation_Win\Esko\StudioToolkitForShrinkSleeves.plugin\Japanese.lproj\
	                   1	h:\DeskPack18_A5\Localisation_Win\Esko\StudioToolkitForShrinkSleeves.plugin\ko.lproj\
	                   1	h:\DeskPack18_A5\Localisation_Win\Esko\StudioToolkitForShrinkSleeves.plugin\pt_BR.lproj\
	                   1	h:\DeskPack18_A5\Localisation_Win\Esko\StudioToolkitForShrinkSleeves.plugin\ru.lproj\
	                   2	h:\DeskPack18_A5\Localisation_Win\Esko\StudioToolkitForShrinkSleeves.plugin\Spanish.lproj\
	                   2	h:\DeskPack18_A5\Localisation_Win\Esko\StudioToolkitForShrinkSleeves.plugin\zh_CN.lproj\
	                   2	h:\DeskPack18_A5\Localisation_Win\Esko\StudioToolkitForShrinkSleeves.plugin\zh_TW.lproj\
	                   1	h:\DeskPack18_A5\Localisation_Win\Esko\TextRecognition.plugin\
	                   2	h:\DeskPack18_A5\Localisation_Win\Esko\TextRecognition.plugin\English.lproj\
	                   2	h:\DeskPack18_A5\Localisation_Win\Esko\TextRecognition.plugin\French.lproj\
	                   2	h:\DeskPack18_A5\Localisation_Win\Esko\TextRecognition.plugin\German.lproj\
	                   2	h:\DeskPack18_A5\Localisation_Win\Esko\TextRecognition.plugin\Italian.lproj\
	                   2	h:\DeskPack18_A5\Localisation_Win\Esko\TextRecognition.plugin\Japanese.lproj\
	                   2	h:\DeskPack18_A5\Localisation_Win\Esko\TextRecognition.plugin\ko.lproj\
	                   2	h:\DeskPack18_A5\Localisation_Win\Esko\TextRecognition.plugin\Project\
	                   1	h:\DeskPack18_A5\Localisation_Win\Esko\TextRecognition.plugin\pt_BR.lproj\
	                   1	h:\DeskPack18_A5\Localisation_Win\Esko\TextRecognition.plugin\ru.lproj\
	                   2	h:\DeskPack18_A5\Localisation_Win\Esko\TextRecognition.plugin\Spanish.lproj\
	                   1	h:\DeskPack18_A5\Localisation_Win\Esko\TextRecognition.plugin\tessdata\
	                   2	h:\DeskPack18_A5\Localisation_Win\Esko\TextRecognition.plugin\zh_CN.lproj\
	                   2	h:\DeskPack18_A5\Localisation_Win\Esko\TextRecognition.plugin\zh_TW.lproj\
	                   0	h:\DeskPack18_A5\Localisation_Win\Esko\TIFFExport.plugin\
	                   2	h:\DeskPack18_A5\Localisation_Win\Esko\TIFFExport.plugin\English.lproj\
	                   2	h:\DeskPack18_A5\Localisation_Win\Esko\TIFFExport.plugin\French.lproj\
	                   2	h:\DeskPack18_A5\Localisation_Win\Esko\TIFFExport.plugin\German.lproj\
	                   2	h:\DeskPack18_A5\Localisation_Win\Esko\TIFFExport.plugin\Italian.lproj\
	                   2	h:\DeskPack18_A5\Localisation_Win\Esko\TIFFExport.plugin\Japanese.lproj\
	                   2	h:\DeskPack18_A5\Localisation_Win\Esko\TIFFExport.plugin\ko.lproj\
	                   1	h:\DeskPack18_A5\Localisation_Win\Esko\TIFFExport.plugin\pt_BR.lproj\
	                   1	h:\DeskPack18_A5\Localisation_Win\Esko\TIFFExport.plugin\ru.lproj\
	                   2	h:\DeskPack18_A5\Localisation_Win\Esko\TIFFExport.plugin\Spanish.lproj\
	                   2	h:\DeskPack18_A5\Localisation_Win\Esko\TIFFExport.plugin\zh_CN.lproj\
	                   2	h:\DeskPack18_A5\Localisation_Win\Esko\TIFFExport.plugin\zh_TW.lproj\
	                   0	h:\DeskPack18_A5\Localisation_Win\Esko\VariableData.plugin\
	                   3	h:\DeskPack18_A5\Localisation_Win\Esko\VariableData.plugin\English.lproj\
	                   3	h:\DeskPack18_A5\Localisation_Win\Esko\VariableData.plugin\French.lproj\
	                   3	h:\DeskPack18_A5\Localisation_Win\Esko\VariableData.plugin\German.lproj\
	                   3	h:\DeskPack18_A5\Localisation_Win\Esko\VariableData.plugin\Italian.lproj\
	                   3	h:\DeskPack18_A5\Localisation_Win\Esko\VariableData.plugin\Japanese.lproj\
	                   2	h:\DeskPack18_A5\Localisation_Win\Esko\VariableData.plugin\ko.lproj\
	                   2	h:\DeskPack18_A5\Localisation_Win\Esko\VariableData.plugin\pt_BR.lproj\
	                   2	h:\DeskPack18_A5\Localisation_Win\Esko\VariableData.plugin\ru.lproj\
	                   3	h:\DeskPack18_A5\Localisation_Win\Esko\VariableData.plugin\Spanish.lproj\
	                   3	h:\DeskPack18_A5\Localisation_Win\Esko\VariableData.plugin\zh_CN.lproj\
	                   3	h:\DeskPack18_A5\Localisation_Win\Esko\VariableData.plugin\zh_TW.lproj\
	                   0	h:\DeskPack18_A5\Localisation_Win\Esko\Viewer.plugin\
	                   0	h:\DeskPack18_A5\Localisation_Win\Esko\Viewer.plugin\Contents\
	                   0	h:\DeskPack18_A5\Localisation_Win\Esko\Viewer.plugin\Contents\Resources\
	                   7	h:\DeskPack18_A5\Localisation_Win\Esko\Viewer.plugin\Contents\Resources\Java\
	                   9	h:\DeskPack18_A5\Localisation_Win\Esko\Viewer.plugin\Contents\Windows\
	                   3	h:\DeskPack18_A5\Localisation_Win\Esko\Viewer.plugin\Contents\Windows\jre\
	                  55	h:\DeskPack18_A5\Localisation_Win\Esko\Viewer.plugin\Contents\Windows\jre\bin\
	                   2	h:\DeskPack18_A5\Localisation_Win\Esko\Viewer.plugin\Contents\Windows\jre\bin\server\
	                  24	h:\DeskPack18_A5\Localisation_Win\Esko\Viewer.plugin\Contents\Windows\jre\lib\
	                   1	h:\DeskPack18_A5\Localisation_Win\Esko\Viewer.plugin\Contents\Windows\jre\lib\amd64\
	                   5	h:\DeskPack18_A5\Localisation_Win\Esko\Viewer.plugin\Contents\Windows\jre\lib\cmm\
	                  12	h:\DeskPack18_A5\Localisation_Win\Esko\Viewer.plugin\Contents\Windows\jre\lib\ext\
	                   0	h:\DeskPack18_A5\Localisation_Win\Esko\Viewer.plugin\Contents\Windows\jre\lib\images\
	                   8	h:\DeskPack18_A5\Localisation_Win\Esko\Viewer.plugin\Contents\Windows\jre\lib\images\cursors\
	                   4	h:\DeskPack18_A5\Localisation_Win\Esko\Viewer.plugin\Contents\Windows\jre\lib\management\
	                   4	h:\DeskPack18_A5\Localisation_Win\Esko\Viewer.plugin\Contents\Windows\jre\lib\security\
	                   0	h:\DeskPack18_A5\Localisation_Win\Esko\Viewer.plugin\Contents\Windows\jre\lib\security\policy\
	                   2	h:\DeskPack18_A5\Localisation_Win\Esko\Viewer.plugin\Contents\Windows\jre\lib\security\policy\limited\
	                   2	h:\DeskPack18_A5\Localisation_Win\Esko\Viewer.plugin\Contents\Windows\jre\lib\security\policy\unlimited\
	                   3	h:\DeskPack18_A5\Localisation_Win\Esko\Viewer.plugin\English.lproj\
	                   3	h:\DeskPack18_A5\Localisation_Win\Esko\Viewer.plugin\French.lproj\
	                   3	h:\DeskPack18_A5\Localisation_Win\Esko\Viewer.plugin\German.lproj\
	                   3	h:\DeskPack18_A5\Localisation_Win\Esko\Viewer.plugin\Italian.lproj\
	                   3	h:\DeskPack18_A5\Localisation_Win\Esko\Viewer.plugin\Japanese.lproj\
	                   3	h:\DeskPack18_A5\Localisation_Win\Esko\Viewer.plugin\ko.lproj\
	                   1	h:\DeskPack18_A5\Localisation_Win\Esko\Viewer.plugin\pt_BR.lproj\
	                   1	h:\DeskPack18_A5\Localisation_Win\Esko\Viewer.plugin\ru.lproj\
	                   3	h:\DeskPack18_A5\Localisation_Win\Esko\Viewer.plugin\Spanish.lproj\
	                   3	h:\DeskPack18_A5\Localisation_Win\Esko\Viewer.plugin\zh_CN.lproj\
	                   3	h:\DeskPack18_A5\Localisation_Win\Esko\Viewer.plugin\zh_TW.lproj\
	                   0	h:\DeskPack18_A5\Localisation_Win\Esko\Visualizer.plugin\
	                   2	h:\DeskPack18_A5\Localisation_Win\Esko\Visualizer.plugin\English.lproj\
	                   2	h:\DeskPack18_A5\Localisation_Win\Esko\Visualizer.plugin\French.lproj\
	                   2	h:\DeskPack18_A5\Localisation_Win\Esko\Visualizer.plugin\German.lproj\
	                   2	h:\DeskPack18_A5\Localisation_Win\Esko\Visualizer.plugin\Italian.lproj\
	                   2	h:\DeskPack18_A5\Localisation_Win\Esko\Visualizer.plugin\Japanese.lproj\
	                   1	h:\DeskPack18_A5\Localisation_Win\Esko\Visualizer.plugin\ko.lproj\
	                   1	h:\DeskPack18_A5\Localisation_Win\Esko\Visualizer.plugin\pt_BR.lproj\
	                   1	h:\DeskPack18_A5\Localisation_Win\Esko\Visualizer.plugin\ru.lproj\
	                   2	h:\DeskPack18_A5\Localisation_Win\Esko\Visualizer.plugin\Spanish.lproj\
	                   2	h:\DeskPack18_A5\Localisation_Win\Esko\Visualizer.plugin\zh_CN.lproj\
	                   2	h:\DeskPack18_A5\Localisation_Win\Esko\Visualizer.plugin\zh_TW.lproj\
	                   0	h:\DeskPack18_A5\Localisation_Win\Esko\WebCenterConnector.plugin\
	                   2	h:\DeskPack18_A5\Localisation_Win\Esko\WebCenterConnector.plugin\English.lproj\
	                   2	h:\DeskPack18_A5\Localisation_Win\Esko\WebCenterConnector.plugin\French.lproj\
	                   2	h:\DeskPack18_A5\Localisation_Win\Esko\WebCenterConnector.plugin\German.lproj\
	                   2	h:\DeskPack18_A5\Localisation_Win\Esko\WebCenterConnector.plugin\Italian.lproj\
	                   2	h:\DeskPack18_A5\Localisation_Win\Esko\WebCenterConnector.plugin\Japanese.lproj\
	                   2	h:\DeskPack18_A5\Localisation_Win\Esko\WebCenterConnector.plugin\ko.lproj\
	                   1	h:\DeskPack18_A5\Localisation_Win\Esko\WebCenterConnector.plugin\pl.lproj\
	                   2	h:\DeskPack18_A5\Localisation_Win\Esko\WebCenterConnector.plugin\pt_BR.lproj\
	                   2	h:\DeskPack18_A5\Localisation_Win\Esko\WebCenterConnector.plugin\ru.lproj\
	                   2	h:\DeskPack18_A5\Localisation_Win\Esko\WebCenterConnector.plugin\Spanish.lproj\
	                   1	h:\DeskPack18_A5\Localisation_Win\Esko\WebCenterConnector.plugin\sv.lproj\
	                   2	h:\DeskPack18_A5\Localisation_Win\Esko\WebCenterConnector.plugin\zh_CN.lproj\
	                   2	h:\DeskPack18_A5\Localisation_Win\Esko\WebCenterConnector.plugin\zh_TW.lproj\
	                   0	h:\DeskPack18_A5\Localisation_Win\Esko\WhiteUnderprint.plugin\
	                   2	h:\DeskPack18_A5\Localisation_Win\Esko\WhiteUnderprint.plugin\English.lproj\
	                   2	h:\DeskPack18_A5\Localisation_Win\Esko\WhiteUnderprint.plugin\French.lproj\
	                   2	h:\DeskPack18_A5\Localisation_Win\Esko\WhiteUnderprint.plugin\German.lproj\
	                   2	h:\DeskPack18_A5\Localisation_Win\Esko\WhiteUnderprint.plugin\Italian.lproj\
	                   2	h:\DeskPack18_A5\Localisation_Win\Esko\WhiteUnderprint.plugin\Japanese.lproj\
	                   2	h:\DeskPack18_A5\Localisation_Win\Esko\WhiteUnderprint.plugin\ko.lproj\
	                   1	h:\DeskPack18_A5\Localisation_Win\Esko\WhiteUnderprint.plugin\pt_BR.lproj\
	                   1	h:\DeskPack18_A5\Localisation_Win\Esko\WhiteUnderprint.plugin\ru.lproj\
	                   2	h:\DeskPack18_A5\Localisation_Win\Esko\WhiteUnderprint.plugin\Spanish.lproj\
	                   2	h:\DeskPack18_A5\Localisation_Win\Esko\WhiteUnderprint.plugin\zh_CN.lproj\
	                   2	h:\DeskPack18_A5\Localisation_Win\Esko\WhiteUnderprint.plugin\zh_TW.lproj\
### 2 Difference or error 
--- 2019-06-26 17:06:36.11 
Plugin extraction finished without error.
 
Sending the report... 
Mailing result: 0 
