--- 2019-06-26 16:33:07 
--- Staring script... 
Batch UpdateAllPlugins started. 
  
--- 2019-06-26 16:33:07.93 
Checking servers... 
Checking presence of h:\DeskPack18_A5\buildnumber.txt 
Servers seem to be connected. 
Checking if Illustrator is running... 
Checking if Illustrator is running. 1... 
--- 2019-06-26 16:33:11.30 
 
Copying plugins... 
Copying from h:\DeskPack18_A5\AI\Win_AI23\Esko\Data Exchange\NDL Kernel 
to c:\Program Files\Adobe\Adobe Illustrator CC 2019\Plug-ins\Esko\Data Exchange\NDL Kernel 

	                   1	h:\DeskPack18_A5\AI\Win_AI23\Esko\Data Exchange\NDL Kernel\
*** Nothing to copy. 
Copying from h:\DeskPack18_A5\AI\Win_AI23\Esko\Automated Testers 
to c:\Program Files\Adobe\Adobe Illustrator CC 2019\Plug-ins\Esko\Automated Testers 

	                   8	h:\DeskPack18_A5\AI\Win_AI23\Esko\Automated Testers\
*** Nothing to copy. 
Copying from h:\DeskPack18_A5\AI\Win_AI23\Esko\Trapping 
to c:\Program Files\Adobe\Adobe Illustrator CC 2019\Plug-ins\Esko\Trapping 

	                   1	h:\DeskPack18_A5\AI\Win_AI23\Esko\Trapping\
*** Nothing to copy. 
Copying from h:\DeskPack18_A5\AI\Win_AI23\Esko\Viewer 
to c:\Program Files\Adobe\Adobe Illustrator CC 2019\Plug-ins\Esko\Viewer 

	                   3	h:\DeskPack18_A5\AI\Win_AI23\Esko\Viewer\
*** Nothing to copy. 
Copying from h:\DeskPack18_A5\AI\Win_AI23\Esko\Dynamic Tables 
to c:\Program Files\Adobe\Adobe Illustrator CC 2019\Plug-ins\Esko\Dynamic Tables 

	                   1	h:\DeskPack18_A5\AI\Win_AI23\Esko\Dynamic Tables\
*** Nothing to copy. 
Copying from h:\DeskPack18_A5\AI\Win_AI23\Esko\Dynamic Marks 
to c:\Program Files\Adobe\Adobe Illustrator CC 2019\Plug-ins\Esko\Dynamic Marks 

	                   1	h:\DeskPack18_A5\AI\Win_AI23\Esko\Dynamic Marks\
*** Nothing to copy. 
Copying from h:\DeskPack18_A5\AI\Win_AI23\Esko\Dynamic Content 
to c:\Program Files\Adobe\Adobe Illustrator CC 2019\Plug-ins\Esko\Dynamic Content 

	                   1	h:\DeskPack18_A5\AI\Win_AI23\Esko\Dynamic Content\
*** Nothing to copy. 
Copying from h:\DeskPack18_A5\AI\Win_AI23\Esko\Dynamic Barcodes 
to c:\Program Files\Adobe\Adobe Illustrator CC 2019\Plug-ins\Esko\Dynamic Barcodes 

	                   1	h:\DeskPack18_A5\AI\Win_AI23\Esko\Dynamic Barcodes\
*** Nothing to copy. 
Copying from h:\DeskPack18_A5\AI\Win_AI23\Esko\Data Exchange\Dynamic Marks Core 
to c:\Program Files\Adobe\Adobe Illustrator CC 2019\Plug-ins\Esko\Data Exchange\Dynamic Marks Core 

	                   1	h:\DeskPack18_A5\AI\Win_AI23\Esko\Data Exchange\Dynamic Marks Core\
*** Nothing to copy. 
Skipping ai-cut...
Copying from h:\DeskPack18_A5\AI\Win_AI23\Esko\ArtBrowser 
to c:\Program Files\Adobe\Adobe Illustrator CC 2019\Plug-ins\Esko\ArtBrowser 

	                   1	h:\DeskPack18_A5\AI\Win_AI23\Esko\ArtBrowser\
*** Nothing to copy. 
Skipping boostX...
Copying from h:\DeskPack18_A5\AI\Win_AI23\Esko\Channel Mapping 
to c:\Program Files\Adobe\Adobe Illustrator CC 2019\Plug-ins\Esko\Channel Mapping 

	                   1	h:\DeskPack18_A5\AI\Win_AI23\Esko\Channel Mapping\
*** Nothing to copy. 
Copying from h:\DeskPack18_A5\AI\Win_AI23\Esko\CHILI 
to c:\Program Files\Adobe\Adobe Illustrator CC 2019\Plug-ins\Esko\CHILI 

	                   1	h:\DeskPack18_A5\AI\Win_AI23\Esko\CHILI\
*** Nothing to copy. 
Skipping Collection...
Copying from h:\DeskPack18_A5\AI\Win_AI23\Esko\Color Engine 
to c:\Program Files\Adobe\Adobe Illustrator CC 2019\Plug-ins\Esko\Color Engine 
