--- 2019-06-26 17:29:07 
--- Staring script... 
Batch UpdateAllPlugins started. 
  
--- 2019-06-26 17:29:07.67 
Checking servers... 
Checking presence of h:\DeskPack18_A5\buildnumber.txt 
Servers seem to be connected. 
Checking if Illustrator is running... 
Checking if Illustrator is running. 1... 
--- 2019-06-26 17:29:11.24 
 
Copying plugins... 
Copying from h:\DeskPack18_A5\AI\Win_AI23\Esko\Data Exchange\NDL Kernel 
to c:\Program Files\Adobe\Adobe Illustrator CC 2019\Plug-ins\Esko\Data Exchange\NDL Kernel 

*** Nothing to copy. 
Copying from h:\DeskPack18_A5\AI\Win_AI23\Esko\Automated Testers 
to c:\Program Files\Adobe\Adobe Illustrator CC 2019\Plug-ins\Esko\Automated Testers 

*** Nothing to copy. 
Copying from h:\DeskPack18_A5\AI\Win_AI23\Esko\Trapping 
to c:\Program Files\Adobe\Adobe Illustrator CC 2019\Plug-ins\Esko\Trapping 

*** Nothing to copy. 
Copying from h:\DeskPack18_A5\AI\Win_AI23\Esko\Viewer 
to c:\Program Files\Adobe\Adobe Illustrator CC 2019\Plug-ins\Esko\Viewer 

*** Nothing to copy. 
Copying from h:\DeskPack18_A5\AI\Win_AI23\Esko\Dynamic Tables 
to c:\Program Files\Adobe\Adobe Illustrator CC 2019\Plug-ins\Esko\Dynamic Tables 

*** Nothing to copy. 
Copying from h:\DeskPack18_A5\AI\Win_AI23\Esko\Dynamic Marks 
to c:\Program Files\Adobe\Adobe Illustrator CC 2019\Plug-ins\Esko\Dynamic Marks 

*** Nothing to copy. 
Copying from h:\DeskPack18_A5\AI\Win_AI23\Esko\Dynamic Content 
to c:\Program Files\Adobe\Adobe Illustrator CC 2019\Plug-ins\Esko\Dynamic Content 

*** Nothing to copy. 
Copying from h:\DeskPack18_A5\AI\Win_AI23\Esko\Dynamic Barcodes 
to c:\Program Files\Adobe\Adobe Illustrator CC 2019\Plug-ins\Esko\Dynamic Barcodes 

*** Nothing to copy. 
Copying from h:\DeskPack18_A5\AI\Win_AI23\Esko\Data Exchange\Dynamic Marks Core 
to c:\Program Files\Adobe\Adobe Illustrator CC 2019\Plug-ins\Esko\Data Exchange\Dynamic Marks Core 

*** Nothing to copy. 
Skipping ai-cut...
Copying from h:\DeskPack18_A5\AI\Win_AI23\Esko\ArtBrowser 
to c:\Program Files\Adobe\Adobe Illustrator CC 2019\Plug-ins\Esko\ArtBrowser 

*** Nothing to copy. 
Skipping boostX...
Copying from h:\DeskPack18_A5\AI\Win_AI23\Esko\Channel Mapping 
to c:\Program Files\Adobe\Adobe Illustrator CC 2019\Plug-ins\Esko\Channel Mapping 

*** Nothing to copy. 
Copying from h:\DeskPack18_A5\AI\Win_AI23\Esko\CHILI 
to c:\Program Files\Adobe\Adobe Illustrator CC 2019\Plug-ins\Esko\CHILI 

*** Nothing to copy. 
Skipping Collection...
Copying from h:\DeskPack18_A5\AI\Win_AI23\Esko\Color Engine 
to c:\Program Files\Adobe\Adobe Illustrator CC 2019\Plug-ins\Esko\Color Engine 

*** Nothing to copy. 
Copying from h:\DeskPack18_A5\AI\Win_AI23\Esko\Dynamic Art 
to c:\Program Files\Adobe\Adobe Illustrator CC 2019\Plug-ins\Esko\Dynamic Art 

*** Nothing to copy. 
Copying from h:\DeskPack18_A5\AI\Win_AI23\Esko\Dynamic Panels 
to c:\Program Files\Adobe\Adobe Illustrator CC 2019\Plug-ins\Esko\Dynamic Panels 

*** Nothing to copy. 
Copying from h:\DeskPack18_A5\AI\Win_AI23\Esko\Dynamic VDP 
to c:\Program Files\Adobe\Adobe Illustrator CC 2019\Plug-ins\Esko\Dynamic VDP 

*** Nothing to copy. 
Copying from h:\DeskPack18_A5\AI\Win_AI23\Esko\Image Extractor 
to c:\Program Files\Adobe\Adobe Illustrator CC 2019\Plug-ins\Esko\Image Extractor 

*** Nothing to copy. 
Copying from h:\DeskPack18_A5\AI\Win_AI23\Esko\Image Optimize 
to c:\Program Files\Adobe\Adobe Illustrator CC 2019\Plug-ins\Esko\Image Optimize 

*** Nothing to copy. 
Copying from h:\DeskPack18_A5\AI\Win_AI23\Esko\Instant Trapper 
to c:\Program Files\Adobe\Adobe Illustrator CC 2019\Plug-ins\Esko\Instant Trapper 

*** Nothing to copy. 
Copying from h:\DeskPack18_A5\AI\Win_AI23\Esko\Licensing 
to c:\Program Files\Adobe\Adobe Illustrator CC 2019\Plug-ins\Esko\Licensing 

*** Nothing to copy. 
Copying from h:\DeskPack18_A5\AI\Win_AI23\Esko\Notes 
to c:\Program Files\Adobe\Adobe Illustrator CC 2019\Plug-ins\Esko\Notes 

*** Nothing to copy. 
Copying from h:\DeskPack18_A5\AI\Win_AI23\Esko\PDF Import 
to c:\Program Files\Adobe\Adobe Illustrator CC 2019\Plug-ins\Esko\PDF Import 

*** Nothing to copy. 
Copying from h:\DeskPack18_A5\AI\Win_AI23\Esko\PitStop 
to c:\Program Files\Adobe\Adobe Illustrator CC 2019\Plug-ins\Esko\PitStop 

*** Nothing to copy. 
Copying from h:\DeskPack18_A5\AI\Win_AI23\Esko\PowerLayout 
to c:\Program Files\Adobe\Adobe Illustrator CC 2019\Plug-ins\Esko\PowerLayout 

*** Nothing to copy. 
Copying from h:\DeskPack18_A5\AI\Win_AI23\Esko\PowerLayout Standalone 
to c:\Program Files\Adobe\Adobe Illustrator CC 2019\Plug-ins\Esko\PowerLayout Standalone 

*** Nothing to copy. 
Copying from h:\DeskPack18_A5\AI\Win_AI23\Esko\PowerTrapper 
to c:\Program Files\Adobe\Adobe Illustrator CC 2019\Plug-ins\Esko\PowerTrapper 

*** Nothing to copy. 
Copying from h:\DeskPack18_A5\AI\Win_AI23\Esko\Preflight 
to c:\Program Files\Adobe\Adobe Illustrator CC 2019\Plug-ins\Esko\Preflight 

*** Nothing to copy. 
Copying from h:\DeskPack18_A5\AI\Win_AI23\Esko\Screening 
to c:\Program Files\Adobe\Adobe Illustrator CC 2019\Plug-ins\Esko\Screening 

*** Nothing to copy. 
Skipping Seamless Repeat...
Copying from h:\DeskPack18_A5\AI\Win_AI23\Esko\Select by Attributes 
to c:\Program Files\Adobe\Adobe Illustrator CC 2019\Plug-ins\Esko\Select by Attributes 

*** Nothing to copy. 
Copying from h:\DeskPack18_A5\AI\Win_AI23\Esko\Text Recognition 
to c:\Program Files\Adobe\Adobe Illustrator CC 2019\Plug-ins\Esko\Text Recognition 

*** Nothing to copy. 
Copying from h:\DeskPack18_A5\AI\Win_AI23\Esko\Thin Parts 
to c:\Program Files\Adobe\Adobe Illustrator CC 2019\Plug-ins\Esko\Thin Parts 

*** Nothing to copy. 
Copying from h:\DeskPack18_A5\AI\Win_AI23\Esko\TIFF Export 
to c:\Program Files\Adobe\Adobe Illustrator CC 2019\Plug-ins\Esko\TIFF Export 

*** Nothing to copy. 
Copying from h:\DeskPack18_A5\AI\Win_AI23\Esko\Variable Data 
to c:\Program Files\Adobe\Adobe Illustrator CC 2019\Plug-ins\Esko\Variable Data 

*** Nothing to copy. 
Copying from h:\DeskPack18_A5\AI\Win_AI23\Esko\WebCenter Connector 
to c:\Program Files\Adobe\Adobe Illustrator CC 2019\Plug-ins\Esko\WebCenter Connector 

*** Nothing to copy. 
Copying from h:\DeskPack18_A5\AI\Win_AI23\Esko\White Underprint 
to c:\Program Files\Adobe\Adobe Illustrator CC 2019\Plug-ins\Esko\White Underprint 

*** Nothing to copy. 
Copying from h:\DeskPack18_A5\AI\Win_AI23\Esko\Data Exchange\Annotations 
to c:\Program Files\Adobe\Adobe Illustrator CC 2019\Plug-ins\Esko\Data Exchange\Annotations 

*** Nothing to copy. 
Copying from h:\DeskPack18_A5\AI\Win_AI23\Esko\Data Exchange\BrixKernel 
to c:\Program Files\Adobe\Adobe Illustrator CC 2019\Plug-ins\Esko\Data Exchange\BrixKernel 

*** Nothing to copy. 
Copying from h:\DeskPack18_A5\AI\Win_AI23\Esko\Data Exchange\Customer Experience Program 
to c:\Program Files\Adobe\Adobe Illustrator CC 2019\Plug-ins\Esko\Data Exchange\Customer Experience Program 

*** Nothing to copy. 
Copying from h:\DeskPack18_A5\AI\Win_AI23\Esko\Data Exchange\Ink Manager 
to c:\Program Files\Adobe\Adobe Illustrator CC 2019\Plug-ins\Esko\Data Exchange\Ink Manager 

*** Nothing to copy. 
Copying from h:\DeskPack18_A5\AI\Win_AI23\Esko\Data Exchange\Inspection Setup 
to c:\Program Files\Adobe\Adobe Illustrator CC 2019\Plug-ins\Esko\Data Exchange\Inspection Setup 

*** Nothing to copy. 
Copying from h:\DeskPack18_A5\AI\Win_AI23\Esko\Data Exchange\MessageCenter 
to c:\Program Files\Adobe\Adobe Illustrator CC 2019\Plug-ins\Esko\Data Exchange\MessageCenter 

*** Nothing to copy. 
Copying from h:\DeskPack18_A5\AI\Win_AI23\Esko\Data Exchange\PDF Export 
to c:\Program Files\Adobe\Adobe Illustrator CC 2019\Plug-ins\Esko\Data Exchange\PDF Export 

*** Nothing to copy. 
Copying from h:\DeskPack18_A5\AI\Win_AI23\Esko\Data Exchange\Preferences 
to c:\Program Files\Adobe\Adobe Illustrator CC 2019\Plug-ins\Esko\Data Exchange\Preferences 

*** Nothing to copy. 
Copying from h:\DeskPack18_A5\AI\Win_AI23\Esko\Data Exchange\Structural Design 
to c:\Program Files\Adobe\Adobe Illustrator CC 2019\Plug-ins\Esko\Data Exchange\Structural Design 

*** Nothing to copy. 
Copying from h:\DeskPack18_A5\AI\Win_AI23\Esko\Data Exchange\Text Support 
to c:\Program Files\Adobe\Adobe Illustrator CC 2019\Plug-ins\Esko\Data Exchange\Text Support 

*** Nothing to copy. 
Copying from h:\DeskPack18_A5\AI\Win_AI23\Esko\Data Exchange\TrimBox MediaBox 
to c:\Program Files\Adobe\Adobe Illustrator CC 2019\Plug-ins\Esko\Data Exchange\TrimBox MediaBox 

*** Nothing to copy. 
Copying from h:\DeskPack18_A5\AI\Win_AI23\Esko\Data Exchange\XMP Viewer 
to c:\Program Files\Adobe\Adobe Illustrator CC 2019\Plug-ins\Esko\Data Exchange\XMP Viewer 

*** Nothing to copy. 
Copying from h:\DeskPack18_A5\AI\Win_AI23\Esko\Shuttle\BSClient 
to c:\Program Files\Adobe\Adobe Illustrator CC 2019\Plug-ins\Esko\Shuttle\BSClient 

*** Nothing to copy. 
Copying from h:\DeskPack18_A5\AI\Win_AI23\Esko\Shuttle\Shuttle 
to c:\Program Files\Adobe\Adobe Illustrator CC 2019\Plug-ins\Esko\Shuttle\Shuttle 

*** Nothing to copy. 
Copying from h:\DeskPack18_A5\AI\Win_AI23\Esko\UI 
to c:\Program Files\Adobe\Adobe Illustrator CC 2019\Plug-ins\Esko\UI 

*** Nothing to copy. 
Copying from h:\DeskPack18_A5\NDL\Win_AI23\Data Exchange\NDL Kernel 
to c:\Program Files\Adobe\Adobe Illustrator CC 2019\Plug-ins\Esko\Data Exchange\NDL Kernel 

*** Nothing to copy. 
Copying from h:\DeskPack18_A5\NDL\Win_AI23\Automated Testers 
to c:\Program Files\Adobe\Adobe Illustrator CC 2019\Plug-ins\Esko\Automated Testers 

	  *EXTRA File 		  315904	c:\Program Files\Adobe\Adobe Illustrator CC 2019\Plug-ins\Esko\Automated Testers\AIUnit_WAI23r.aip
	  *EXTRA File 		  134656	c:\Program Files\Adobe\Adobe Illustrator CC 2019\Plug-ins\Esko\Automated Testers\DynamicBarcodesTester_WAI23r.aip
	  *EXTRA File 		  176128	c:\Program Files\Adobe\Adobe Illustrator CC 2019\Plug-ins\Esko\Automated Testers\DynamicMarksTester_WAI23r.aip
	  *EXTRA File 		  154624	c:\Program Files\Adobe\Adobe Illustrator CC 2019\Plug-ins\Esko\Automated Testers\DynamicTablesTester_WAI23r.aip
	  *EXTRA File 		  310272	c:\Program Files\Adobe\Adobe Illustrator CC 2019\Plug-ins\Esko\Automated Testers\PLSTester_WAI23r.aip
	  *EXTRA File 		  418816	c:\Program Files\Adobe\Adobe Illustrator CC 2019\Plug-ins\Esko\Automated Testers\TIFFExportTester_WAI23r.aip
	  *EXTRA File 		  170496	c:\Program Files\Adobe\Adobe Illustrator CC 2019\Plug-ins\Esko\Automated Testers\TrappingTester_WAI23r.aip
### 2 Difference or error 
Copying from h:\DeskPack18_A5\NDL\Win_AI23\Trapping 
to c:\Program Files\Adobe\Adobe Illustrator CC 2019\Plug-ins\Esko\Trapping 

*** Nothing to copy. 
Copying from h:\DeskPack18_A5\NDL\Win_AI23\Viewer 
to c:\Program Files\Adobe\Adobe Illustrator CC 2019\Plug-ins\Esko\Viewer 

	  *EXTRA File 		  368640	c:\Program Files\Adobe\Adobe Illustrator CC 2019\Plug-ins\Esko\Viewer\Compare_WAI23r.aip
	  *EXTRA File 		  757760	c:\Program Files\Adobe\Adobe Illustrator CC 2019\Plug-ins\Esko\Viewer\Viewer_WAI23r.aip
### 2 Difference or error 
Copying from h:\DeskPack18_A5\NDL\Win_AI23\Dynamic Tables 
to c:\Program Files\Adobe\Adobe Illustrator CC 2019\Plug-ins\Esko\Dynamic Tables 

*** Nothing to copy. 
Copying from h:\DeskPack18_A5\NDL\Win_AI23\Dynamic Marks 
to c:\Program Files\Adobe\Adobe Illustrator CC 2019\Plug-ins\Esko\Dynamic Marks 

*** Nothing to copy. 
Copying from h:\DeskPack18_A5\NDL\Win_AI23\Dynamic Content 
to c:\Program Files\Adobe\Adobe Illustrator CC 2019\Plug-ins\Esko\Dynamic Content 

*** Nothing to copy. 
Copying from h:\DeskPack18_A5\NDL\Win_AI23\Dynamic Barcodes 
to c:\Program Files\Adobe\Adobe Illustrator CC 2019\Plug-ins\Esko\Dynamic Barcodes 

*** Nothing to copy. 
Copying from h:\DeskPack18_A5\NDL\Win_AI23\Data Exchange\Dynamic Marks Core 
to c:\Program Files\Adobe\Adobe Illustrator CC 2019\Plug-ins\Esko\Data Exchange\Dynamic Marks Core 

*** Nothing to copy. 
--- 2019-06-26 17:30:39.70 
 
Copying bundles... 
Copying from h:\DeskPack18_A5\Localisation_Win\Esko 
to c:\Program Files\Adobe\Adobe Illustrator CC 2019\Esko 

	  *EXTRA File 		       0	c:\Program Files\Adobe\Adobe Illustrator CC 2019\Esko\BrixKernel.plugin\bg_data_fonts_bonsai_v040\lock.lck
	  *EXTRA File 		    1774	c:\Program Files\Adobe\Adobe Illustrator CC 2019\Esko\BrixKernel.plugin\bg_data_fonts_bonsai_v040\ufl_cache_win.dat
	  *EXTRA File 		   28570	c:\Program Files\Adobe\Adobe Illustrator CC 2019\Esko\BrixKernel.plugin\bg_prog_deskpack_v072\dat\Resources\CMap\ufl_cache_win.dat
	  *EXTRA File 		   8.6 m	c:\Program Files\Adobe\Adobe Illustrator CC 2019\Esko\LicenseSetup.plugin\AI22\Licensing108_libFNP.dll
	  *EXTRA File 		   8.6 m	c:\Program Files\Adobe\Adobe Illustrator CC 2019\Esko\LicenseSetup.plugin\AI23\Licensing108_libFNP.dll
	  *EXTRA File 		   8.6 m	c:\Program Files\Adobe\Adobe Illustrator CC 2019\Esko\LicenseSetup.plugin\AI24\Licensing108_libFNP.dll
### 2 Difference or error 
--- 2019-06-26 17:33:18.49 
Plugin extraction finished without error.
 
Sending the report... 
Mailing result: 0 
